[minimums.com/index.html]
[backblue.gif]
[fade.gif]
[index.html]
[use.typekit.net/qkn3ijk.js]
[minimums.com/wp-content/themes/ink-modified-2/assets/css/font-awesomebfce.css]
[minimums.com/wp-content/plugins/stagtools/assets/css/stag-shortcodes7406.css]
[minimums.com/comments/feed/index.html]
[minimums.com/wp-content/themes/ink-modified-2/stylef335.css]
[minimums.com/feed/index.html]
[minimums.com/wp-content/plugins/jetpack/css/jetpackf3df.css]
[www.google-analytics.com/analytics.js]
[minimums.com/wp-includes/js/jquery/jqueryb8ff.js]
[minimums.com/wp-includes/js/jquery/jquery-migrate.min330a.js]
[minimums.com/wp-content/plugins/jetpack/_inc/spin4e44.js]
[minimums.com/wp-content/plugins/jetpack/_inc/jquery.spin4e44.js]
[minimums.com/xmlrpc0db0.php]
[minimums.com/wp-json/index.html]
[minimums.com/wp-includes/wlwmanifest.xml]
[connect.facebook.net/en_US/fbds.js]
[minimums.com/wp-content/uploads/2017/04/DSC07339.jpg]
[minimums.com/wp-content/uploads/2017/03/fork-food-lab-maine-tinker-photography-2-44.jpg]
[minimums.com/ari-meisel/index.html]
[minimums.com/wp-content/uploads/2017/03/IMG_8777.jpg]
[minimums.com/claire-eric/index.html]
[minimums.com/wp-content/uploads/2017/03/20170213_ILK_MikeMerrill_0191.jpg]
[minimums.com/gaurav-nanda/index.html]
[minimums.com/wp-content/uploads/2017/03/DSC06856.jpg]
[minimums.com/mike-merrill/index.html]
[minimums.com/wp-content/uploads/2017/02/IMG_4029.jpg]
[minimums.com/wp-content/uploads/2017/02/DSC06308.jpg]
[minimums.com/michelle-poler/index.html]
[minimums.com/rob-royer/index.html]
[minimums.com/wp-content/themes/ink-modified/pocket.mp4]
[minimums.com/jessica-bennett/index.html]
[minimums.com/wp-content/themes/ink-modified/pocket.webm]
[minimums.com/wp-content/themes/ink-modified/pocket.ogv]
[minimums.com/wp-content/themes/ink-modified/pocket.png]
[minimums.com/wp-content/uploads/2017/02/edits-118.jpg]
[minimums.com/wp-content/uploads/2017/02/DSC05980d.jpg]
[minimums.com/branden-harvey/index.html]
[minimums.com/wp-content/uploads/2016/08/DSC1119.jpg]
[minimums.com/nick-gray/index.html]
[minimums.com/wp-content/uploads/2017/01/paul1.jpg]
[minimums.com/charl-laubscher/index.html]
[minimums.com/wp-content/uploads/2017/01/2.jpg]
[minimums.com/paul-cocksedge/index.html]
[minimums.com/elliot-samanatha-stocks/index.html]
[minimums.com/be-a-minimums-photographer/index.html]
[assets.pcrl.co/js/jstracker.min.js]
[s0.wp.com/wp-content/js/devicepx-jetpack46a4.js]
[s.gravatar.com/js/gprofilesa898.js]
[minimums.com/wp-content/themes/ink-modified-2/assets/js/jquery.custom.min3ba1.js]
[minimums.com/wp-content/themes/ink-modified-2/assets/js/plugins3ba1.js]
[minimums.com/wp-includes/js/wp-embed.min82d0.js]
[stats.wp.com/e-201716.js]
[track.gaug.es/track.gif]
[track.gaug.es/track.js]
[minimums.com/index.html]
[minimums.com/xmlrpc.php]
[fast.fonts.net/cssapi/0b09af0a-7a35-4e17-b025-0b5bc2733af4.css]
[cdn.viglink.com/api/vglnk.js]
[minimums.com/wp-content/themes/ink-modified-2/assets/fonts/fontawesome-webfont862f.eot]
[minimums.com/wp-content/themes/ink-modified-2/assets/fonts/fontawesome-webfontd41d.eot]
[minimums.com/wp-content/themes/ink-modified-2/assets/fonts/fontawesome-webfont862f.woff]
[minimums.com/wp-content/themes/ink-modified-2/assets/fonts/fontawesome-webfont862f.ttf]
[minimums.com/wp-content/themes/ink-modified-2/assets/fonts/fontawesome-webfont862f.svg]
[minimums.com/wp-content/themes/ink-modified-2/assets/css/font-awesomebfce.css]
[minimums.com/wp-content/plugins/stagtools/assets/css/stag-shortcodes7406.css]
[minimums.com/wp-content/themes/ink-modified/assets/img/pattern.png]
[minimums.com/wp-content/themes/ink-modified/photography-bg.jpg]
[minimums.com/wp-content/themes/ink-modified/sb-bg.jpg]
[minimums.com/wp-content/themes/ink-modified-2/stylef335.css]
[minimums.com/wp-content/plugins/jetpack/modules/carousel/images/arrows.png]
[minimums.com/wp-content/plugins/jetpack/modules/carousel/images/arrows-2x.png]
[minimums.com/wp-content/plugins/jetpack/modules/carousel/images/carousel-spritee4da.png]
[minimums.com/wp-content/plugins/jetpack/modules/carousel/images/carousel-sprite-2xe4da.png]
[minimums.com/wp-content/plugins/jetpack/modules/shortcodes/img/slideshow-controls.png]
[minimums.com/wp-content/plugins/jetpack/modules/shortcodes/img/slideshow-controls-2x.png]
[minimums.com/wp-content/plugins/jetpack/modules/shortcodes/images/slide-nav.png]
[minimums.com/wp-content/plugins/jetpack/modules/shortcodes/images/expand.png]
[minimums.com/wp-content/plugins/jetpack/modules/shortcodes/images/collapse.png]
[0.gravatar.com/images/grav-share-sprite.png]
[minimums.com/wp-content/plugins/jetpack/css/jetpackf3df.css]
[minimums.com/wp-includes/js/jquery/jqueryb8ff.js]
[minimums.com/wp-includes/js/jquery/jquery-migrate.min330a.js]
[minimums.com/wp-content/plugins/jetpack/_inc/spin4e44.js]
[minimums.com/wp-content/plugins/jetpack/_inc/jquery.spin4e44.js]
[connect.facebook.net/en_US/fbds.js]
[minimums.com/wp-json/oembed/1.0/embeda8d8.json]
[minimums.com/wp-json/oembed/1.0/embed45e8]
[minimums.com/ari-meisel/www.dondregreen.40.delayed]
[minimums.com/wp-content/uploads/2016/11/dondre-green.jpg]
[minimums.com/wp-content/uploads/2017/04/DSC07305.jpg]
[minimums.com/wp-content/uploads/2017/04/DSC07273.jpg]
[minimums.com/wp-content/uploads/2017/04/DSC07209.jpg]
[minimums.com/wp-content/uploads/2017/04/DSC07220.jpg]
[minimums.com/wp-content/uploads/2017/04/DSC07215.jpg]
[minimums.com/wp-content/uploads/2017/04/DSC07233.jpg]
[minimums.com/wp-content/uploads/2017/04/DSC07243.jpg]
[minimums.com/wp-content/uploads/2017/04/DSC07248.jpg]
[minimums.com/wp-content/uploads/2017/04/DSC07252.jpg]
[minimums.com/wp-content/uploads/2017/04/DSC07286.jpg]
[minimums.com/wp-content/uploads/2017/04/DSC07291.jpg]
[minimums.com/wp-content/uploads/2017/04/DSC07310.jpg]
[minimums.com/wp-content/uploads/2017/04/DSC07305-1500x1001.jpg]
[i2.wp.com/minimums.com/wp-content/uploads/2017/04/DSC0729625d4.jpg]
[i1.wp.com/minimums.com/wp-content/uploads/2017/04/DSC07307c08b.jpg]
[i1.wp.com/minimums.com/wp-content/uploads/2017/04/DSC07304ad7e.jpg]
[minimums.com/wp-content/uploads/2017/04/DSC07273-1500x1001.jpg]
[minimums.com/wp-content/uploads/2017/04/DSC07269-1500x1001.jpg]
[minimums.com/wp-content/uploads/2017/04/DSC07205-1500x1001.jpg]
[minimums.com/wp-content/uploads/2017/04/DSC07209-1500x1001.jpg]
[minimums.com/wp-content/uploads/2017/04/DSC07219-1500x1001.jpg]
[i1.wp.com/minimums.com/wp-content/uploads/2017/04/DSC07224cc32.jpg]
[i2.wp.com/minimums.com/wp-content/uploads/2017/04/DSC07218dcc9.jpg]
[minimums.com/wp-content/uploads/2017/04/DSC07215-1500x1001.jpg]
[minimums.com/wp-content/uploads/2017/04/DSC07233-1500x1001.jpg]
[minimums.com/wp-content/uploads/2017/04/DSC07231-1500x1001.jpg]
[minimums.com/wp-content/uploads/2017/04/DSC07242-1500x1001.jpg]
[i1.wp.com/minimums.com/wp-content/uploads/2017/04/DSC07245cc32.jpg]
[i1.wp.com/minimums.com/wp-content/uploads/2017/04/DSC07243dcc9.jpg]
[minimums.com/wp-content/uploads/2017/04/DSC07248-1500x1001.jpg]
[i0.wp.com/minimums.com/wp-content/uploads/2017/04/DSC07247cc32.jpg]
[i0.wp.com/minimums.com/wp-content/uploads/2017/04/DSC07250dcc9.jpg]
[minimums.com/wp-content/uploads/2017/04/DSC07252-1500x1001.jpg]
[i0.wp.com/minimums.com/wp-content/uploads/2017/04/DSC0725925d4.jpg]
[i2.wp.com/minimums.com/wp-content/uploads/2017/04/DSC07253c08b.jpg]
[i2.wp.com/minimums.com/wp-content/uploads/2017/04/DSC07360ad7e.jpg]
[minimums.com/wp-content/uploads/2017/04/DSC07286-1500x1001.jpg]
[i0.wp.com/minimums.com/wp-content/uploads/2017/04/DSC07278cc32.jpg]
[i2.wp.com/minimums.com/wp-content/uploads/2017/04/DSC07280dcc9.jpg]
[minimums.com/wp-content/uploads/2017/04/DSC07291-1500x1001.jpg]
[minimums.com/wp-content/uploads/2017/04/DSC07310-1500x1001.jpg]
[i0.wp.com/minimums.com/wp-content/uploads/2017/04/DSC07313cc32.jpg]
[i0.wp.com/minimums.com/wp-content/uploads/2017/04/DSC07319dcc9.jpg]
[minimums.com/wp-content/themes/ink-modified-2/assets/js/lib/fitvids/jquery.fitvids.minc64e.js]
[minimums.com/ari-meisel/index.html]
[minimums.com/wp-content/plugins/jetpack/modules/tiled-gallery/tiled-gallery/tiled-gallery82d0.js]
[minimums.com/wp-json/oembed/1.0/embed43d8.json]
[minimums.com/wp-json/oembed/1.0/embedff46]
[minimums.com/wp-content/uploads/2017/03/Screen-Shot-2017-03-23-at-5.47.05-PM.png]
[minimums.com/wp-content/uploads/2017/03/fork-food-lab-maine-tinker-photography-2-10.jpg]
[minimums.com/wp-content/uploads/2017/03/fork-food-lab-maine-tinker-photography-2-65.jpg]
[minimums.com/wp-content/uploads/2017/03/fork-food-lab-maine-tinker-photography-2-17.jpg]
[minimums.com/wp-content/uploads/2017/03/fork-food-lab-maine-tinker-photography-2-77.jpg]
[minimums.com/wp-content/uploads/2017/03/fork-food-lab-maine-tinker-photography-2-28.jpg]
[minimums.com/wp-content/uploads/2017/03/fork-food-lab-maine-tinker-photography-2-98.jpg]
[minimums.com/wp-content/uploads/2017/03/fork-food-lab-maine-tinker-photography-2-103-1.jpg]
[minimums.com/wp-content/uploads/2017/03/fork-food-lab-maine-tinker-photography-2-115.jpg]
[minimums.com/wp-content/uploads/2017/03/fork-food-lab-maine-tinker-photography-0052.jpg]
[minimums.com/wp-content/uploads/2017/03/fork-food-lab-maine-tinker-photography-2-14-1500x1000.jpg]
[i2.wp.com/minimums.com/wp-content/uploads/2017/03/fork-food-lab-maine-tinker-photography-2-107727.jpg]
[i1.wp.com/minimums.com/wp-content/uploads/2017/03/fork-food-lab-maine-tinker-photography-2-93b82.jpg]
[i1.wp.com/minimums.com/wp-content/uploads/2017/03/fork-food-lab-maine-tinker-photography-2-46f6e.jpg]
[minimums.com/wp-content/uploads/2017/03/fork-food-lab-maine-tinker-photography-2-64-1500x1000.jpg]
[minimums.com/wp-content/uploads/2017/03/fork-food-lab-maine-tinker-photography-2-60-1500x1000.jpg]
[minimums.com/wp-content/uploads/2017/03/fork-food-lab-maine-tinker-photography-2-20-1500x1000.jpg]
[minimums.com/wp-content/uploads/2017/03/fork-food-lab-maine-tinker-photography-2-79-1500x1000.jpg]
[i2.wp.com/minimums.com/wp-content/uploads/2017/03/fork-food-lab-maine-tinker-photography-2-907727.jpg]
[i2.wp.com/minimums.com/wp-content/uploads/2017/03/fork-food-lab-maine-tinker-photography-2-843b82.jpg]
[minimums.com/wp-content/uploads/2017/03/fork-food-lab-maine-tinker-photography-2-26-1-1500x1088.jpg]
[i1.wp.com/minimums.com/wp-content/uploads/2017/03/fork-food-lab-maine-tinker-photography-2-24f5c1.jpg]
[i0.wp.com/minimums.com/wp-content/uploads/2017/03/fork-food-lab-maine-tinker-photography-2-28f5c1.jpg]
[i0.wp.com/minimums.com/wp-content/uploads/2017/03/fork-food-lab-maine-tinker-photography-2-29f5c1.jpg]
[minimums.com/wp-content/uploads/2017/03/fork-food-lab-maine-tinker-photography-2-96-1-1500x1072.jpg]
[minimums.com/wp-content/uploads/2017/03/fork-food-lab-maine-tinker-photography-2-104-1500x1000.jpg]
[i0.wp.com/minimums.com/wp-content/uploads/2017/03/fork-food-lab-maine-tinker-photography-2-1057727.jpg]
[i1.wp.com/minimums.com/wp-content/uploads/2017/03/fork-food-lab-maine-tinker-photography-2-1013b82.jpg]
[minimums.com/wp-content/uploads/2017/03/fork-food-lab-maine-tinker-photography-2-2-1500x1000.jpg]
[minimums.com/wp-content/uploads/2017/03/fork-food-lab-maine-tinker-photography-2-115-1500x1457.jpg]
[minimums.com/wp-content/uploads/2017/03/fork-food-lab-maine-tinker-photography-0052-1500x1000.jpg]
[minimums.com/claire-eric/index.html]
[minimums.com/wp-json/oembed/1.0/embed9551.json]
[minimums.com/wp-json/oembed/1.0/embede6ae]
[minimums.com/wp-content/uploads/2017/03/christian.jpg]
[minimums.com/wp-content/uploads/2017/03/IMG_8258-1.jpg]
[minimums.com/wp-content/uploads/2017/03/IMG_8768.jpg]
[minimums.com/wp-content/uploads/2017/03/IMG_8413.jpg]
[minimums.com/wp-content/uploads/2017/03/IMG_8649.jpg]
[minimums.com/wp-content/uploads/2017/03/IMG_8487.jpg]
[minimums.com/wp-content/uploads/2017/03/IMG_8443.jpg]
[minimums.com/wp-content/uploads/2017/03/IMG_8659.jpg]
[minimums.com/wp-content/uploads/2017/03/IMG_8496.jpg]
[minimums.com/wp-content/uploads/2017/03/IMG_8300.jpg]
[minimums.com/wp-content/uploads/2017/03/IMG_8338.jpg]
[minimums.com/wp-content/uploads/2017/03/IMG_8258-1-1500x1000.jpg]
[minimums.com/wp-content/uploads/2017/03/IMG_8760-1500x1000.jpg]
[minimums.com/wp-content/uploads/2017/03/IMG_8266-1500x1000.jpg]
[minimums.com/wp-content/uploads/2017/03/IMG_8768-1500x1000.jpg]
[minimums.com/wp-content/uploads/2017/03/IMG_8407-1500x1000.jpg]
[i1.wp.com/minimums.com/wp-content/uploads/2017/03/IMG_841325d4.jpg]
[i1.wp.com/minimums.com/wp-content/uploads/2017/03/IMG_8402c08b.jpg]
[i1.wp.com/minimums.com/wp-content/uploads/2017/03/IMG_8396ad7e.jpg]
[minimums.com/wp-content/uploads/2017/03/IMG_8643-1500x1000.jpg]
[minimums.com/wp-content/uploads/2017/03/IMG_8487-1000x1500.jpg]
[minimums.com/wp-content/uploads/2017/03/IMG_8443-1500x1000.jpg]
[i2.wp.com/minimums.com/wp-content/uploads/2017/03/IMG_8460cc32.jpg]
[i2.wp.com/minimums.com/wp-content/uploads/2017/03/IMG_8345dcc9.jpg]
[minimums.com/wp-content/uploads/2017/03/IMG_8317-1500x1000.jpg]
[i2.wp.com/minimums.com/wp-content/uploads/2017/03/IMG_865925d4.jpg]
[i2.wp.com/minimums.com/wp-content/uploads/2017/03/IMG_8319c08b.jpg]
[i0.wp.com/minimums.com/wp-content/uploads/2017/03/IMG_8472ad7e.jpg]
[minimums.com/wp-content/uploads/2017/03/IMG_8496-1500x1000.jpg]
[minimums.com/wp-content/uploads/2017/03/IMG_8502-1500x1000.jpg]
[minimums.com/wp-content/uploads/2017/03/IMG_8305-1500x1000.jpg]
[i0.wp.com/minimums.com/wp-content/uploads/2017/03/IMG_854825d4.jpg]
[i0.wp.com/minimums.com/wp-content/uploads/2017/03/IMG_8300c08b.jpg]
[i2.wp.com/minimums.com/wp-content/uploads/2017/03/IMG_8531ad7e.jpg]
[minimums.com/wp-content/uploads/2017/03/IMG_8338-1500x1000.jpg]
[minimums.com/wp-content/uploads/2017/03/IMG_8575-1500x1000.jpg]
[minimums.com/wp-content/uploads/2017/03/IMG_8757-1500x1000.jpg]
[minimums.com/wp-content/uploads/2017/03/IMG_8822-1500x1000.jpg]
[minimums.com/wp-content/uploads/2017/03/IMG_8413-1500x1000.jpg]
[minimums.com/wp-content/uploads/2017/03/IMG_8531-1500x1000.jpg]
[minimums.com/wp-content/uploads/2017/03/IMG_8723-1500x1000.jpg]
[minimums.com/gaurav-nanda/index.html]
[minimums.com/wp-json/oembed/1.0/embed9d42.json]
[minimums.com/wp-json/oembed/1.0/embed54a2]
[minimums.com/wp-content/uploads/2016/11/isaac.jpg]
[minimums.com/wp-content/uploads/2017/03/20170213_ILK_MikeMerrill_0240.jpg]
[minimums.com/wp-content/uploads/2017/03/20170213_ILK_MikeMerrill_0126.jpg]
[minimums.com/wp-content/uploads/2017/03/20170213_ILK_MikeMerrill_0385.jpg]
[minimums.com/wp-content/uploads/2017/03/20170213_ILK_MikeMerrill_0221.jpg]
[minimums.com/wp-content/uploads/2017/03/20170213_ILK_MikeMerrill_0302.jpg]
[minimums.com/wp-content/uploads/2017/03/20170213_ILK_MikeMerrill_0151.jpg]
[minimums.com/wp-content/uploads/2017/03/20170213_ILK_MikeMerrill_0090.jpg]
[minimums.com/wp-content/uploads/2017/03/20170213_ILK_MikeMerrill_0258.jpg]
[minimums.com/wp-content/uploads/2017/03/20170213_ILK_MikeMerrill_0240-1500x1001.jpg]
[i1.wp.com/minimums.com/wp-content/uploads/2017/03/20170213_ILK_MikeMerrill_02493f4d.jpg]
[i2.wp.com/minimums.com/wp-content/uploads/2017/03/20170213_ILK_MikeMerrill_0242194f.jpg]
[minimums.com/wp-content/uploads/2017/03/20170213_ILK_MikeMerrill_0126-1500x1001.jpg]
[minimums.com/wp-content/uploads/2017/03/20170213_ILK_MikeMerrill_0104-1500x1001.jpg]
[minimums.com/wp-content/uploads/2017/03/20170213_ILK_MikeMerrill_0385-1500x1001.jpg]
[i2.wp.com/minimums.com/wp-content/uploads/2017/03/20170213_ILK_MikeMerrill_0365cc32.jpg]
[i1.wp.com/minimums.com/wp-content/uploads/2017/03/20170213_ILK_MikeMerrill_0377dcc9.jpg]
[minimums.com/wp-content/uploads/2017/03/20170213_ILK_MikeMerrill_0237-1500x1001.jpg]
[minimums.com/wp-content/uploads/2017/03/20170213_ILK_MikeMerrill_0221-1500x1001.jpg]
[minimums.com/wp-content/uploads/2017/03/20170213_ILK_MikeMerrill_0302-1500x1001.jpg]
[minimums.com/wp-content/uploads/2017/03/20170213_ILK_MikeMerrill_0286-1500x1001.jpg]
[minimums.com/wp-content/uploads/2017/03/20170213_ILK_MikeMerrill_0159-1500x1001.jpg]
[i2.wp.com/minimums.com/wp-content/uploads/2017/03/20170213_ILK_MikeMerrill_0147db36.jpg]
[i0.wp.com/minimums.com/wp-content/uploads/2017/03/20170213_ILK_MikeMerrill_01713504.jpg]
[i1.wp.com/minimums.com/wp-content/uploads/2017/03/20170213_ILK_MikeMerrill_01514dac.jpg]
[minimums.com/wp-content/uploads/2017/03/20170213_ILK_MikeMerrill_0090-1500x1001.jpg]
[i2.wp.com/minimums.com/wp-content/uploads/2017/03/20170213_ILK_MikeMerrill_008725d4.jpg]
[i1.wp.com/minimums.com/wp-content/uploads/2017/03/20170213_ILK_MikeMerrill_0080c08b.jpg]
[i1.wp.com/minimums.com/wp-content/uploads/2017/03/20170213_ILK_MikeMerrill_0057ad7e.jpg]
[i0.wp.com/minimums.com/wp-content/uploads/2017/03/20170213_ILK_MikeMerrill_0002ea0d.jpg]
[minimums.com/wp-content/uploads/2017/03/20170213_ILK_MikeMerrill_0258-1500x1001.jpg]
[minimums.com/wp-content/uploads/2017/03/20170213_ILK_MikeMerrill_0292-1500x1001.jpg]
[minimums.com/wp-content/uploads/2017/03/20170213_ILK_MikeMerrill_0191-1500x1001.jpg]
[minimums.com/wp-content/uploads/2017/03/20170213_ILK_MikeMerrill_0364-1500x1001.jpg]
[minimums.com/wp-content/uploads/2017/03/20170213_ILK_MikeMerrill_0057-1500x1001.jpg]
[minimums.com/mike-merrill/index.html]
[minimums.com/wp-json/oembed/1.0/embede134.json]
[minimums.com/wp-json/oembed/1.0/embed8d9b]
[minimums.com/michelle-poler/www.dondregreen.com]
[minimums.com/wp-content/uploads/2017/03/DSC06840-1.jpg]
[minimums.com/wp-content/uploads/2017/03/DSC06813.jpg]
[minimums.com/wp-content/uploads/2017/03/DSC06823.jpg]
[minimums.com/wp-content/uploads/2017/03/DSC06860.jpg]
[minimums.com/wp-content/uploads/2017/03/DSC06826.jpg]
[minimums.com/wp-content/uploads/2017/03/DSC06797.jpg]
[minimums.com/wp-content/uploads/2017/03/DSC06836.jpg]
[minimums.com/wp-content/uploads/2017/03/DSC06840-1-1500x998.jpg]
[minimums.com/wp-content/uploads/2017/03/DSC06813-1500x1001.jpg]
[minimums.com/wp-content/uploads/2017/03/DSC06862-1500x1001.jpg]
[minimums.com/wp-content/uploads/2017/03/DSC06823-1500x1001.jpg]
[i0.wp.com/minimums.com/wp-content/uploads/2017/03/DSC0681725d4.jpg]
[i1.wp.com/minimums.com/wp-content/uploads/2017/03/DSC06814c08b.jpg]
[i0.wp.com/minimums.com/wp-content/uploads/2017/03/DSC06820ad7e.jpg]
[minimums.com/wp-content/uploads/2017/03/DSC06860-1500x1001.jpg]
[minimums.com/wp-content/uploads/2017/03/DSC06826-1500x1001.jpg]
[minimums.com/wp-content/uploads/2017/03/DSC06797-1500x1001.jpg]
[minimums.com/wp-content/uploads/2017/03/DSC06802-1500x1001.jpg]
[minimums.com/wp-content/uploads/2017/03/DSC06836-1500x1001.jpg]
[minimums.com/michelle-poler/index.html]
[minimums.com/wp-json/oembed/1.0/embedd6d4.json]
[minimums.com/wp-json/oembed/1.0/embed2751]
[minimums.com/wp-content/uploads/2016/12/Screen-Shot-2016-12-08-at-2.56.32-PM.png]
[minimums.com/wp-content/uploads/2017/02/IMG_3973-1.jpg]
[minimums.com/wp-content/uploads/2017/02/IMG_4012-1.jpg]
[minimums.com/wp-content/uploads/2017/02/IMG_3993-1.jpg]
[minimums.com/wp-content/uploads/2017/02/IMG_3903.jpg]
[minimums.com/wp-content/uploads/2017/02/IMG_3922.jpg]
[minimums.com/wp-content/uploads/2017/02/IMG_3987-1.jpg]
[minimums.com/wp-content/uploads/2017/02/IMG_3973-1-1500x1000.jpg]
[i2.wp.com/minimums.com/wp-content/uploads/2017/02/IMG_3975-125d4.jpg]
[i0.wp.com/minimums.com/wp-content/uploads/2017/02/IMG_3934c08b.jpg]
[i2.wp.com/minimums.com/wp-content/uploads/2017/02/IMG_3933ad7e.jpg]
[minimums.com/wp-content/uploads/2017/02/IMG_4000-1500x1000.jpg]
[i1.wp.com/minimums.com/wp-content/uploads/2017/02/IMG_4012-125d4.jpg]
[i2.wp.com/minimums.com/wp-content/uploads/2017/02/IMG_4004-1c08b.jpg]
[i1.wp.com/minimums.com/wp-content/uploads/2017/02/IMG_4007-1ad7e.jpg]
[minimums.com/wp-content/uploads/2017/02/IMG_3993-1-1500x722.jpg]
[minimums.com/wp-content/uploads/2017/02/IMG_3903-1500x1000.jpg]
[i1.wp.com/minimums.com/wp-content/uploads/2017/02/IMG_3913cc32.jpg]
[i2.wp.com/minimums.com/wp-content/uploads/2017/02/IMG_3908-1dcc9.jpg]
[minimums.com/wp-content/uploads/2017/02/IMG_3922-1500x1000.jpg]
[i0.wp.com/minimums.com/wp-content/uploads/2017/02/IMG_3927-1cc32.jpg]
[i0.wp.com/minimums.com/wp-content/uploads/2017/02/IMG_3930-1dcc9.jpg]
[minimums.com/wp-content/uploads/2017/02/IMG_3987-1-1500x1000.jpg]
[minimums.com/wp-content/uploads/2017/02/IMG_4116-1500x1000.jpg]
[minimums.com/wp-content/uploads/2017/02/IMG_4067-1500x1000.jpg]
[minimums.com/wp-content/uploads/2017/02/IMG_4085-1-1500x1000.jpg]
[minimums.com/wp-content/uploads/2017/02/IMG_4103-1500x1000.jpg]
[minimums.com/wp-content/uploads/2017/02/IMG_4166-1500x1000.jpg]
[minimums.com/wp-content/uploads/2017/02/IMG_4136-1500x1000.jpg]
[minimums.com/rob-royer/index.html]
[minimums.com/wp-json/oembed/1.0/embeda865.json]
[minimums.com/wp-json/oembed/1.0/embed5dfd]
[minimums.com/jessica-bennett/www.dondregreen.com]
[minimums.com/wp-content/uploads/2017/02/DSC06264.jpg]
[minimums.com/wp-content/uploads/2017/02/DSC06260.jpg]
[minimums.com/wp-content/uploads/2017/02/DSC06278.jpg]
[minimums.com/wp-content/uploads/2017/02/DSC06295.jpg]
[minimums.com/wp-content/uploads/2017/02/DSC06350.jpg]
[minimums.com/wp-content/uploads/2017/02/DSC06280.jpg]
[minimums.com/wp-content/uploads/2017/02/DSC06300.jpg]
[minimums.com/wp-content/uploads/2017/02/DSC06312.jpg]
[minimums.com/wp-content/uploads/2017/02/DSC06290.jpg]
[minimums.com/wp-content/uploads/2017/02/DSC06264-1500x1001.jpg]
[minimums.com/wp-content/uploads/2017/02/DSC06270-1500x1001.jpg]
[minimums.com/wp-content/uploads/2017/02/DSC06260-1500x1001.jpg]
[minimums.com/wp-content/uploads/2017/02/DSC06255-1500x1001.jpg]
[minimums.com/wp-content/uploads/2017/02/DSC06274-1500x1001.jpg]
[minimums.com/wp-content/uploads/2017/02/DSC06278-1500x1001.jpg]
[minimums.com/wp-content/uploads/2017/02/DSC06294-1500x1001.jpg]
[minimums.com/wp-content/uploads/2017/02/DSC06296-1500x1001.jpg]
[minimums.com/wp-content/uploads/2017/02/DSC06350-1500x1001.jpg]
[minimums.com/wp-content/uploads/2017/02/DSC06348-1500x1001.jpg]
[minimums.com/wp-content/uploads/2017/02/DSC06280-1500x1001.jpg]
[i0.wp.com/minimums.com/wp-content/uploads/2017/02/DSC06283cc32.jpg]
[i0.wp.com/minimums.com/wp-content/uploads/2017/02/DSC06288dcc9.jpg]
[minimums.com/wp-content/uploads/2017/02/DSC06300-1500x1001.jpg]
[i1.wp.com/minimums.com/wp-content/uploads/2017/02/DSC06304cc32.jpg]
[i0.wp.com/minimums.com/wp-content/uploads/2017/02/DSC06303dcc9.jpg]
[minimums.com/wp-content/uploads/2017/02/DSC06312-1500x1001.jpg]
[i2.wp.com/minimums.com/wp-content/uploads/2017/02/DSC0634725d4.jpg]
[i2.wp.com/minimums.com/wp-content/uploads/2017/02/DSC06372c08b.jpg]
[i1.wp.com/minimums.com/wp-content/uploads/2017/02/DSC06325ad7e.jpg]
[minimums.com/wp-content/uploads/2017/02/DSC06290-1500x1001.jpg]
[minimums.com/wp-content/uploads/2017/02/DSC06293-1500x1001.jpg]
[minimums.com/wp-content/uploads/2017/02/DSC06359-1500x1001.jpg]
[minimums.com/jessica-bennett/index.html]
[minimums.com/{{ '/cdn.shopify.com/s/files/1/0199/9106/t/9/assets/pocketf245.html]
[minimums.com/wp-json/oembed/1.0/embede5b3.json]
[minimums.com/wp-json/oembed/1.0/embed1a7d]
[minimums.com/wp-content/uploads/2017/02/Screen-Shot-2017-02-10-at-3.27.08-PM.png]
[minimums.com/wp-content/uploads/2017/02/edits-58.jpg]
[minimums.com/wp-content/uploads/2017/02/edits-38.jpg]
[minimums.com/wp-content/uploads/2017/02/edits-52.jpg]
[minimums.com/wp-content/uploads/2017/02/edits-46.jpg]
[minimums.com/wp-content/uploads/2017/02/edits-67.jpg]
[minimums.com/wp-content/uploads/2017/02/edits-71.jpg]
[minimums.com/wp-content/uploads/2017/02/edits-82.jpg]
[minimums.com/wp-content/uploads/2017/02/edits-89.jpg]
[minimums.com/wp-content/uploads/2017/02/edits-102.jpg]
[minimums.com/wp-content/uploads/2017/02/edits-108.jpg]
[i2.wp.com/minimums.com/wp-content/uploads/2017/02/edits-225d4.jpg]
[i1.wp.com/minimums.com/wp-content/uploads/2017/02/edits-9c08b.jpg]
[i0.wp.com/minimums.com/wp-content/uploads/2017/02/edits-55ad7e.jpg]
[i0.wp.com/minimums.com/wp-content/uploads/2017/02/edits-420b17.jpg]
[i1.wp.com/minimums.com/wp-content/uploads/2017/02/edits-46a980.jpg]
[i2.wp.com/minimums.com/wp-content/uploads/2017/02/edits-50a07a.jpg]
[i2.wp.com/minimums.com/wp-content/uploads/2017/02/edits-40eb9f.jpg]
[minimums.com/wp-content/uploads/2017/02/edits-62.jpg]
[minimums.com/wp-content/uploads/2017/02/edits-69.jpg]
[i2.wp.com/minimums.com/wp-content/uploads/2017/02/edits-71cc32.jpg]
[i1.wp.com/minimums.com/wp-content/uploads/2017/02/edits-75dcc9.jpg]
[minimums.com/wp-content/uploads/2017/02/edits-86.jpg]
[minimums.com/wp-content/uploads/2017/02/edits-94.jpg]
[minimums.com/wp-content/uploads/2017/02/edits-97.jpg]
[minimums.com/wp-content/uploads/2017/02/edits-107.jpg]
[minimums.com/wp-content/uploads/2017/02/edits-64.jpg]
[minimums.com/wp-content/uploads/2017/02/edits-2-1.jpg]
[minimums.com/wp-content/uploads/2017/02/edits-70.jpg]
[minimums.com/wp-content/uploads/2017/02/edits-113.jpg]
[minimums.com/branden-harvey/index.html]
[minimums.com/wp-json/oembed/1.0/embedf637.json]
[minimums.com/wp-json/oembed/1.0/embed99d8]
[minimums.com/wp-content/uploads/2017/02/DSC05939.jpg]
[minimums.com/wp-content/uploads/2017/02/DSC05875.jpg]
[minimums.com/wp-content/uploads/2017/02/DSC05883.jpg]
[minimums.com/wp-content/uploads/2017/02/DSC05955.jpg]
[minimums.com/wp-content/uploads/2017/02/DSC05965.jpg]
[minimums.com/wp-content/uploads/2017/02/DSC05929.jpg]
[minimums.com/wp-content/uploads/2017/02/DSC05869.jpg]
[minimums.com/wp-content/uploads/2017/02/DSC05915.jpg]
[minimums.com/wp-content/uploads/2017/02/DSC05899.jpg]
[minimums.com/wp-content/uploads/2017/02/DSC05867.jpg]
[minimums.com/wp-content/uploads/2017/02/DSC05939-1500x1001.jpg]
[minimums.com/wp-content/uploads/2017/02/DSC05932-1500x1001.jpg]
[minimums.com/wp-content/uploads/2017/02/DSC05877-1500x1001.jpg]
[minimums.com/wp-content/uploads/2017/02/DSC05875-1500x1001.jpg]
[minimums.com/wp-content/uploads/2017/02/DSC059701.jpg]
[minimums.com/wp-content/uploads/2017/02/DSC05883-1500x1001.jpg]
[minimums.com/wp-content/uploads/2017/02/DSC05951-1500x1001.jpg]
[minimums.com/wp-content/uploads/2017/02/DSC05965-1500x1001.jpg]
[minimums.com/tynan/index.html]
[minimums.com/wp-content/uploads/2017/02/DSC05906-1500x1001.jpg]
[minimums.com/wp-content/uploads/2017/02/DSC05929-1500x1001.jpg]
[minimums.com/wp-content/uploads/2017/02/DSC05869-1500x1001.jpg]
[minimums.com/wp-content/uploads/2017/02/DSC05873-1500x1001.jpg]
[minimums.com/wp-content/uploads/2017/02/DSC05919-1500x1001.jpg]
[i1.wp.com/minimums.com/wp-content/uploads/2017/02/DSC0590725d4.jpg]
[i1.wp.com/minimums.com/wp-content/uploads/2017/02/DSC05915c08b.jpg]
[i2.wp.com/minimums.com/wp-content/uploads/2017/02/DSC05917ad7e.jpg]
[minimums.com/wp-content/uploads/2017/02/DSC05899-1500x1001.jpg]
[minimums.com/wp-content/uploads/2017/02/DSC05864-1500x1001.jpg]
[minimums.com/wp-content/uploads/2017/02/DSC05867-1500x1001.jpg]
[minimums.com/nick-gray/index.html]
[minimums.com/wp-json/oembed/1.0/embed6adf.json]
[minimums.com/wp-json/oembed/1.0/embed51fc]
[minimums.com/wp-content/uploads/2017/01/Screen-Shot-2017-01-18-at-5.44.12-PM.png]
[minimums.com/wp-content/uploads/2016/08/DSC1175.jpg]
[minimums.com/wp-content/uploads/2016/08/DSC1200.jpg]
[minimums.com/wp-content/uploads/2016/08/DSC1152.jpg]
[minimums.com/wp-content/uploads/2016/08/DSC1181.jpg]
[minimums.com/wp-content/uploads/2016/08/DSC1244.jpg]
[minimums.com/wp-content/uploads/2016/08/DSC1175-1500x1000.jpg]
[i2.wp.com/minimums.com/wp-content/uploads/2016/08/DSC12518bbd.jpg]
[i0.wp.com/minimums.com/wp-content/uploads/2016/08/DSC1155989a.jpg]
[i2.wp.com/minimums.com/wp-content/uploads/2016/08/DSC11548bbd.jpg]
[minimums.com/wp-content/uploads/2016/08/DSC1200-1500x1000.jpg]
[i1.wp.com/minimums.com/wp-content/uploads/2016/08/DSC123525d4.jpg]
[i1.wp.com/minimums.com/wp-content/uploads/2016/08/DSC1199c08b.jpg]
[i0.wp.com/minimums.com/wp-content/uploads/2016/08/DSC1259ad7e.jpg]
[minimums.com/wp-content/uploads/2016/08/DSC1152-1500x1000.jpg]
[minimums.com/wp-content/uploads/2016/08/DSC1147-1500x1000.jpg]
[minimums.com/wp-content/uploads/2016/08/DSC1184-1500x1000.jpg]
[minimums.com/wp-content/uploads/2016/08/DSC1284-1125x1500.jpg]
[minimums.com/wp-content/uploads/2016/08/DSC1244-1500x1000.jpg]
[i0.wp.com/minimums.com/wp-content/uploads/2016/08/DSC1196cc32.jpg]
[i0.wp.com/minimums.com/wp-content/uploads/2016/08/DSC1192dcc9.jpg]
[minimums.com/wp-content/uploads/2016/08/DSC1295-1500x1000.jpg]
[minimums.com/wp-content/uploads/2016/08/DSC1251-1500x1000.jpg]
[minimums.com/wp-content/uploads/2016/08/DSC1231-1103x1500.jpg]
[minimums.com/charl-laubscher/index.html]
[minimums.com/wp-json/oembed/1.0/embedbfe9.json]
[minimums.com/wp-json/oembed/1.0/embed88cb]
[minimums.com/wp-content/uploads/2016/12/Screen-Shot-2016-12-27-at-8.51.51-PM-1.png]
[minimums.com/wp-content/uploads/2016/12/IMG_4037.jpg]
[minimums.com/wp-content/uploads/2016/12/IMG_3991.jpg]
[minimums.com/wp-content/uploads/2016/12/IMG_3922.jpg]
[minimums.com/wp-content/uploads/2016/12/IMG_4023.jpg]
[minimums.com/wp-content/uploads/2016/12/IMG_4037-1500x1000.jpg]
[minimums.com/wp-content/uploads/2016/12/IMG_4005-1500x1000.jpg]
[minimums.com/wp-content/uploads/2016/12/IMG_3982-1500x1000.jpg]
[minimums.com/wp-content/uploads/2016/12/IMG_3991-1500x1000.jpg]
[minimums.com/wp-content/uploads/2016/12/IMG_3922-1500x1000.jpg]
[minimums.com/wp-content/uploads/2016/12/IMG_3928-1500x1000.jpg]
[minimums.com/wp-content/uploads/2016/12/IMG_4023-1500x1000.jpg]
[minimums.com/paul-cocksedge/index.html]
[minimums.com/wp-json/oembed/1.0/embed5fd0.json]
[minimums.com/wp-json/oembed/1.0/embed1da7]
[minimums.com/wp-content/uploads/2017/01/dan-rubin.jpg]
[minimums.com/wp-content/uploads/2017/01/Dan-Rubin-Minimums-Lagom-Elliot-L1000657-1.jpg]
[minimums.com/wp-content/uploads/2017/01/Dan-Rubin-Minimums-Lagom-Sam-L1000532.jpg]
[minimums.com/wp-content/uploads/2017/01/Dan-Rubin-Minimums-Lagom-Elliot-DSC05278.jpg]
[minimums.com/wp-content/uploads/2017/01/Dan-Rubin-Minimums-Lagom-Sam-DSC05453.jpg]
[minimums.com/wp-content/uploads/2017/01/Dan-Rubin-Minimums-Lagom-Elliot-L1000500.jpg]
[minimums.com/wp-content/uploads/2017/01/Dan-Rubin-Minimums-Lagom-Sam-L1000445.jpg]
[minimums.com/wp-content/uploads/2017/01/Dan-Rubin-Minimums-Lagom-Elliot-L1000379.jpg]
[minimums.com/wp-content/uploads/2017/01/Dan-Rubin-Minimums-Lagom-Sam-L1000636.jpg]
[minimums.com/wp-content/uploads/2017/01/Dan-Rubin-Minimums-Lagom-Elliot-L1000471.jpg]
[minimums.com/wp-content/uploads/2017/01/Dan-Rubin-Minimums-Lagom-Sam-L1000592.jpg]
[minimums.com/wp-content/uploads/2017/01/Dan-Rubin-Minimums-Lagom-Elliot-DSC06157.jpg]
[minimums.com/wp-content/uploads/2017/01/Dan-Rubin-Minimums-Lagom-Elliot-DSC05147.jpg]
[minimums.com/wp-content/uploads/2017/01/Dan-Rubin-Minimums-Lagom-Elliot-DSC05257.jpg]
[minimums.com/wp-content/uploads/2017/01/Dan-Rubin-Minimums-Lagom-Elliot-L1000657-1-1500x1000.jpg]
[minimums.com/wp-content/uploads/2017/01/Dan-Rubin-Minimums-Lagom-Elliot-L1000668-1500x1000.jpg]
[minimums.com/eric-bandholz/index.html]
[minimums.com/wp-content/uploads/2017/01/Dan-Rubin-Minimums-Lagom-Sam-L1000532-1500x1000.jpg]
[minimums.com/wp-content/uploads/2017/01/Dan-Rubin-Minimums-Lagom-Sam-DSC05421-1500x1002.jpg]
[minimums.com/elliot-samanatha-stocks/index.html]
[minimums.com/wp-json/oembed/1.0/embede413.json]
[minimums.com/wp-json/oembed/1.0/embed78bd]
[minimums.com/wp-content/themes/ink-modified/exposure.png]
[minimums.com/wp-content/themes/ink-modified/freedom.jpg]
[minimums.com/wp-content/themes/ink-modified/social.jpg]
[minimums.com/be-a-minimums-photographer/index.html]
[staging.picreel.com/js/picreel.utils.js]
[staging.picreel.com/js/picreel.tracker.js]
[staging.picreel.com/js/picreel.poll-question.js]
[staging.picreel.com/js/picreel.poll.js]
[assets.pcrl.co/js/jstracker.min.js]
[s0.wp.com/wp-content/js/devicepx-jetpack46a4.js]
[staging.picreel.com/js/picreel.popup.js]
[staging.picreel.com/js/picreel.gate.js]
[minimums.com/ABCDEFGHIJKLMNOPQRSTUVWXYZabcdefghijklmnopqrstuvwxyz0123456789+/index.html]
[pixel.wp.com/g9818.gif]
[s.gravatar.com/js/gprofilesa898.js]
[minimums.com/wp-content/plugins/jetpack/modules/wpgroho82d0.js]
[minimums.com/wp-content/themes/ink-modified-2/assets/js/jquery.custom.min3ba1.js]
[minimums.com/HEAD]
[minimums.com/wp-content/themes/ink-modified-2/assets/js/plugins3ba1.js]
[minimums.com/wp-includes/js/wp-embed.min82d0.js]
[stats.wp.com/e-201716.js]
[track.gaug.es/track.js]
[minimums.com/wp-content/themes/ink-modified-2/assets/fonts/fontawesome-webfont862f.svg]
[minimums.com/ari-meisel/www.dondregreen.html]
[minimums.com/wp-content/themes/ink-modified-2/assets/js/lib/fitvids/jquery.fitvids.minc64e.js]
[minimums.com/wp-content/plugins/jetpack/modules/tiled-gallery/tiled-gallery/tiled-gallery82d0.js]
[minimums.com/michelle-poler/www.dondregreen.html]
[minimums.com/jessica-bennett/www.dondregreen.html]
[minimums.com/wp-json/oembed/1.0/embed7fba.json]
[minimums.com/anthony-ongaro/index.html]
[minimums.com/wp-json/oembed/1.0/embed0d49]
[minimums.com/wp-content/uploads/2017/01/IMG_6629-1.jpg]
[minimums.com/wp-content/uploads/2017/01/chris-horell.jpg]
[minimums.com/wp-content/uploads/2016/12/IMG_6653.jpg]
[minimums.com/wp-content/uploads/2016/12/IMG_6635.jpg]
[minimums.com/wp-content/uploads/2016/12/IMG_6639.jpg]
[minimums.com/wp-content/uploads/2016/12/IMG_6630.jpg]
[minimums.com/wp-content/uploads/2016/12/IMG_6646.jpg]
[minimums.com/wp-content/uploads/2017/01/IMG_6629.jpg]
[minimums.com/wp-content/uploads/2016/12/IMG_6675.jpg]
[minimums.com/wp-content/uploads/2016/12/IMG_6653-1500x1000.jpg]
[minimums.com/wp-content/uploads/2016/12/IMG_6652-1500x1000.jpg]
[minimums.com/wp-content/uploads/2016/12/IMG_6632-1500x1000.jpg]
[i2.wp.com/minimums.com/wp-content/uploads/2016/12/IMG_66357727.jpg]
[i2.wp.com/minimums.com/wp-content/uploads/2016/12/IMG_66313b82.jpg]
[minimums.com/wp-content/uploads/2016/12/IMG_6639-1500x962.jpg]
[minimums.com/wp-content/uploads/2016/12/IMG_6637-1500x1219.jpg]
[minimums.com/wp-content/uploads/2016/12/IMG_6630-1500x1000.jpg]
[minimums.com/wp-content/uploads/2016/12/IMG_6627-1500x1000.jpg]
[minimums.com/wp-content/uploads/2016/12/IMG_6646-1500x1000.jpg]
[minimums.com/wp-content/uploads/2016/12/IMG_6675-1500x1000.jpg]
[minimums.com/tynan/index.html]
[minimums.com/wp-content/uploads/2017/01/Dan-Rubin-Minimums-Lagom-Elliot-DSC05257.jpg]
[minimums.com/wp-json/oembed/1.0/embed7597.json]
[minimums.com/jay-lichty/index.html]
[minimums.com/wp-json/oembed/1.0/embed5d8c]
[minimums.com/wp-content/uploads/2016/09/eric2.png]
[minimums.com/moonsub-shin/index.html]
[minimums.com/wp-content/uploads/2016/07/Richard.jpg]
[minimums.com/wp-content/uploads/2016/08/IMG_2821-2.jpg]
[minimums.com/wp-content/uploads/2016/08/IMG_2810.jpg]
[minimums.com/wp-content/uploads/2016/08/IMG_2856-2.jpg]
[minimums.com/wp-content/uploads/2016/08/IMG_2934.jpg]
[minimums.com/wp-content/uploads/2016/09/IMG_2868-2-1.jpg]
[minimums.com/wp-content/uploads/2016/08/IMG_2872.jpg]
[minimums.com/wp-content/uploads/2016/08/IMG_2898.jpg]
[minimums.com/wp-content/uploads/2016/09/IMG_2798.jpg]
[minimums.com/wp-content/uploads/2016/08/IMG_2885-2.jpg]
[minimums.com/wp-content/uploads/2016/09/IMG_2928.jpg]
[minimums.com/wp-content/uploads/2016/08/IMG_2937-3.jpg]
[minimums.com/wp-content/uploads/2016/09/boots.png]
[minimums.com/wp-content/uploads/2016/08/IMG_2821-2-1500x979.jpg]
[minimums.com/wp-content/uploads/2016/08/IMG_2848-1500x898.jpg]
[minimums.com/wp-content/uploads/2016/08/IMG_2836-1500x898.jpg]
[i1.wp.com/minimums.com/wp-content/uploads/2016/08/IMG_2823e2ef.jpg]
[i2.wp.com/minimums.com/wp-content/uploads/2016/08/IMG_2812-28f8d.jpg]
[minimums.com/wp-content/uploads/2016/08/IMG_2934-1500x684.jpg]
[minimums.com/wp-content/uploads/2016/09/IMG_2868-2-1500x898.jpg]
[minimums.com/wp-content/uploads/2016/08/IMG_2872-1500x778.jpg]
[minimums.com/wp-content/uploads/2016/09/IMG_2875-3-1500x873.jpg]
[minimums.com/wp-content/uploads/2016/08/IMG_2850-1500x1175.jpg]
[minimums.com/wp-content/uploads/2016/08/IMG_2898-1500x1428.jpg]
[minimums.com/wp-content/uploads/2016/08/IMG_2799-1500x866.jpg]
[i0.wp.com/minimums.com/wp-content/uploads/2016/09/IMG_2798583b.jpg]
[i1.wp.com/minimums.com/wp-content/uploads/2016/09/IMG_2802-1b382.jpg]
[minimums.com/wp-content/uploads/2016/08/IMG_2885-2-1500x898.jpg]
[minimums.com/wp-content/uploads/2016/09/IMG_2928-1500x1000.jpg]
[minimums.com/wp-content/uploads/2016/09/IMG_2929-3-1500x1084.jpg]
[minimums.com/wp-content/uploads/2016/08/IMG_2937-3-1500x992.jpg]
[minimums.com/wp-content/uploads/2016/09/boots-1500x755.png]
[minimums.com/wp-content/uploads/2016/09/IMG_2931-2-1-1500x974.jpg]
[minimums.com/wp-content/uploads/2016/09/IMG_2917-2-1500x898.jpg]
[minimums.com/wp-content/uploads/2016/09/IMG_2882-7-1500x988.jpg]
[minimums.com/eric-bandholz/index.html]
[minimums.com/wp-content/uploads/2017/01/Dan-Rubin-Minimums-Lagom-Elliot-DSC06191-1500x1001.jpg]
[i1.wp.com/minimums.com/wp-content/uploads/2017/01/Dan-Rubin-Minimums-Lagom-Elliot-DSC05278416a.jpg]
[i2.wp.com/minimums.com/wp-content/uploads/2017/01/Dan-Rubin-Minimums-Lagom-Elliot-DSC0532319e4.jpg]
[minimums.com/wp-content/uploads/2017/01/Dan-Rubin-Minimums-Lagom-Sam-DSC05447-1500x1002.jpg]
[i0.wp.com/minimums.com/wp-content/uploads/2017/01/Dan-Rubin-Minimums-Lagom-Sam-DSC05436020a.jpg]
[i1.wp.com/minimums.com/wp-content/uploads/2017/01/Dan-Rubin-Minimums-Lagom-Sam-DSC05453ad7e.jpg]
[i0.wp.com/minimums.com/wp-content/uploads/2017/01/Dan-Rubin-Minimums-Lagom-Sam-DSC06225ad7e.jpg]
[minimums.com/wp-content/uploads/2017/01/Dan-Rubin-Minimums-Lagom-Elliot-L1000500-1500x1001.jpg]
[minimums.com/wp-content/uploads/2017/01/Dan-Rubin-Minimums-Lagom-Elliot-L1000499-1500x1000.jpg]
[minimums.com/wp-content/uploads/2017/01/Dan-Rubin-Minimums-Lagom-Sam-L1000483-1500x1000.jpeg]
[i2.wp.com/minimums.com/wp-content/uploads/2017/01/Dan-Rubin-Minimums-Lagom-Sam-L100041725d4.jpeg]
[i2.wp.com/minimums.com/wp-content/uploads/2017/01/Dan-Rubin-Minimums-Lagom-Sam-L1000445c08b.jpeg]
[i2.wp.com/minimums.com/wp-content/uploads/2017/01/Dan-Rubin-Minimums-Lagom-Sam-L1000428ad7e.jpeg]
[minimums.com/wp-content/uploads/2017/01/Dan-Rubin-Minimums-Lagom-Elliot-DSC05057-1500x1002.jpg]
[i2.wp.com/minimums.com/wp-content/uploads/2017/01/Dan-Rubin-Minimums-Lagom-Elliot-L100036325d4.jpg]
[i0.wp.com/minimums.com/wp-content/uploads/2017/01/Dan-Rubin-Minimums-Lagom-Elliot-DSC04999ad7e.jpg]
[i2.wp.com/minimums.com/wp-content/uploads/2017/01/Dan-Rubin-Minimums-Lagom-Elliot-L1000379c08b.jpg]
[minimums.com/wp-content/uploads/2017/01/Dan-Rubin-Minimums-Lagom-Sam-L1000636-1500x1000.jpg]
[minimums.com/wp-content/uploads/2017/01/Dan-Rubin-Minimums-Lagom-Sam-L1000614-1500x1000.jpg]
[minimums.com/wp-content/uploads/2017/01/Dan-Rubin-Minimums-Lagom-Elliot-L1000471-1500x1000.jpg]
[i0.wp.com/minimums.com/wp-content/uploads/2017/01/Dan-Rubin-Minimums-Lagom-Elliot-DSC05133416a.jpg]
[i1.wp.com/minimums.com/wp-content/uploads/2017/01/Dan-Rubin-Minimums-Lagom-Elliot-DSC0510419e4.jpg]
[minimums.com/wp-content/uploads/2017/01/Dan-Rubin-Minimums-Lagom-Sam-L1000592-1500x1000.jpeg]
[i2.wp.com/minimums.com/wp-content/uploads/2017/01/Dan-Rubin-Minimums-Lagom-Sam-L1000570cc32.jpeg]
[i1.wp.com/minimums.com/wp-content/uploads/2017/01/Dan-Rubin-Minimums-Lagom-Sam-L1000588dcc9.jpeg]
[minimums.com/wp-content/uploads/2017/01/Dan-Rubin-Minimums-Lagom-Elliot-DSC06157-1500x1001.jpg]
[minimums.com/wp-content/uploads/2017/01/Dan-Rubin-Minimums-Lagom-Elliot-DSC05147-1500x1002.jpg]
[minimums.com/wp-content/uploads/2017/01/Dan-Rubin-Minimums-Lagom-Elliot-DSC05362-1500x1002.jpg]
[minimums.com/wp-content/uploads/2017/01/Dan-Rubin-Minimums-Lagom-Elliot-DSC05227-1500x1002.jpg]
[i2.wp.com/minimums.com/wp-content/uploads/2017/01/Dan-Rubin-Minimums-Lagom-Elliot-DSC05257416a.jpg]
[i1.wp.com/minimums.com/wp-content/uploads/2017/01/Dan-Rubin-Minimums-Lagom-Elliot-DSC0527019e4.jpg]
[system.picreel.com/js/ads.js]
[system.picreel.com/js/blocked_sites.js]
[minimums.com/jstracker.min.html]
[minimums.com/ABCDEFGHIJKLMNOPQRSTUVWXYZabcdefghijklmnopqrstuvwxyz0123456789+/index.html]
[minimums.com/HEAD.html]
[minimums.com/g.html]
[minimums.com/c.html]
[minimums.com/track.html]
[minimums.com/track-2.html]
[minimums.com/wp-json/oembed/1.0/embed0528.json]
[minimums.com/alex-mimi-ikonn/index.html]
[minimums.com/wp-json/oembed/1.0/embed1fe0]
[minimums.com/wp-content/uploads/2016/12/AnthonyOngaro-9055.jpg]
[minimums.com/wp-content/uploads/2016/12/Screen-Shot-2016-12-28-at-9.45.59-AM.png]
[minimums.com/wp-content/uploads/2016/12/AnthonyOngaro-8736.jpg]
[minimums.com/wp-content/uploads/2016/12/AnthonyOngaro-9038.jpg]
[minimums.com/wp-content/uploads/2016/12/AnthonyOngaro-8773.jpg]
[minimums.com/wp-content/uploads/2016/12/AnthonyOngaro-8781.jpg]
[minimums.com/wp-content/uploads/2016/12/AnthonyOngaro-8822.jpg]
[minimums.com/wp-content/uploads/2016/12/AnthonyOngaro-8871.jpg]
[minimums.com/wp-content/uploads/2016/12/AnthonyOngaro-8900.jpg]
[minimums.com/wp-content/uploads/2016/12/AnthonyOngaro-8974.jpg]
[minimums.com/wp-content/uploads/2016/12/AnthonyOngaro-9020.jpg]
[minimums.com/wp-content/uploads/2016/12/AnthonyOngaro-8736-1500x1001.jpg]
[i1.wp.com/minimums.com/wp-content/uploads/2016/12/AnthonyOngaro-8653020a.jpg]
[i0.wp.com/minimums.com/wp-content/uploads/2016/12/AnthonyOngaro-8696ad7e.jpg]
[i1.wp.com/minimums.com/wp-content/uploads/2016/12/AnthonyOngaro-8726ad7e.jpg]
[minimums.com/wp-content/uploads/2016/12/AnthonyOngaro-9038-1500x1001.jpg]
[minimums.com/wp-content/uploads/2016/12/AnthonyOngaro-8765-1500x1001.jpg]
[i1.wp.com/minimums.com/wp-content/uploads/2016/12/AnthonyOngaro-8774020a.jpg]
[i2.wp.com/minimums.com/wp-content/uploads/2016/12/AnthonyOngaro-8790ad7e.jpg]
[i2.wp.com/minimums.com/wp-content/uploads/2016/12/AnthonyOngaro-8769ad7e.jpg]
[minimums.com/wp-content/uploads/2016/12/AnthonyOngaro-8781-1500x1001.jpg]
[i1.wp.com/minimums.com/wp-content/uploads/2016/12/AnthonyOngaro-8780416a.jpg]
[i0.wp.com/minimums.com/wp-content/uploads/2016/12/AnthonyOngaro-878819e4.jpg]
[minimums.com/wp-content/uploads/2016/12/AnthonyOngaro-8822-1500x1001.jpg]
[i1.wp.com/minimums.com/wp-content/uploads/2016/12/AnthonyOngaro-8848416a.jpg]
[i2.wp.com/minimums.com/wp-content/uploads/2016/12/AnthonyOngaro-880619e4.jpg]
[minimums.com/wp-content/uploads/2016/12/AnthonyOngaro-8871-1500x1001.jpg]
[i0.wp.com/minimums.com/wp-content/uploads/2016/12/AnthonyOngaro-8870db36.jpg]
[i1.wp.com/minimums.com/wp-content/uploads/2016/12/AnthonyOngaro-88923504.jpg]
[i0.wp.com/minimums.com/wp-content/uploads/2016/12/AnthonyOngaro-88794dac.jpg]
[minimums.com/wp-content/uploads/2016/12/AnthonyOngaro-8899-1500x1001.jpg]
[minimums.com/wp-content/uploads/2016/12/AnthonyOngaro-8900-1500x1001.jpg]
[minimums.com/wp-content/uploads/2016/12/AnthonyOngaro-8974-1500x1001.jpg]
[i2.wp.com/minimums.com/wp-content/uploads/2016/12/AnthonyOngaro-8969020a.jpg]
[i0.wp.com/minimums.com/wp-content/uploads/2016/12/AnthonyOngaro-8987ad7e.jpg]
[i2.wp.com/minimums.com/wp-content/uploads/2016/12/AnthonyOngaro-8952ad7e.jpg]
[minimums.com/wp-content/uploads/2016/12/AnthonyOngaro-9020-1500x1001.jpg]
[minimums.com/wp-content/uploads/2016/12/AnthonyOngaro-8861-1500x1001.jpg]
[minimums.com/wp-content/uploads/2016/12/AnthonyOngaro-8838-1500x1001.jpg]
[minimums.com/wp-content/uploads/2016/12/AnthonyOngaro-8798-1500x1001.jpg]
[minimums.com/wp-content/uploads/2016/12/AnthonyOngaro--1500x1002.jpg]
[minimums.com/anthony-ongaro/index.html]
[minimums.com/wp-json/oembed/1.0/embed4395.json]
[minimums.com/jonathan-levine/index.html]
[minimums.com/wp-json/oembed/1.0/embedcc66]
[minimums.com/wp-content/uploads/2016/08/General-10-min.jpg]
[minimums.com/wp-content/uploads/2016/08/corrie.jpg]
[minimums.com/wp-content/uploads/2016/08/Ziggy-Dog-6.jpg]
[minimums.com/wp-content/uploads/2016/08/Lichty-Django-Archtop-Ukulele-5-min.jpg]
[minimums.com/wp-content/uploads/2016/08/Chocolate-min.jpg]
[minimums.com/wp-content/uploads/2016/08/Little-Mountain-Pottery-Lamp-min.jpg]
[minimums.com/wp-content/uploads/2016/08/Bose-min.jpg]
[minimums.com/wp-content/uploads/2016/08/Ford-Flex-and-Ziggy-copy-min.jpg]
[minimums.com/wp-content/uploads/2016/08/Handmade-Handplayed-Book-copy-min.jpg]
[minimums.com/wp-content/uploads/2016/08/Kalahari-copy-min.jpg]
[minimums.com/wp-content/uploads/2016/08/Antique-Tool-min.jpg]
[minimums.com/wp-content/uploads/2016/08/Ziggy-2-1500x1000.jpg]
[i2.wp.com/minimums.com/wp-content/uploads/2016/08/Ford-Flex-and-Ziggy-2-min1d52.jpg]
[i1.wp.com/minimums.com/wp-content/uploads/2016/08/Ziggy-Dog-6484a.jpg]
[minimums.com/wp-content/uploads/2016/08/Lichty-Django-Archtop-Ukulele-5-min-1500x1000.jpg]
[i2.wp.com/minimums.com/wp-content/uploads/2016/08/Lichty-Django-Archtop-Ukulele-min-1bf52.jpg]
[i2.wp.com/minimums.com/wp-content/uploads/2016/08/Django-Archtop-minfe86.jpg]
[i0.wp.com/minimums.com/wp-content/uploads/2016/08/Lichty-Django-Archtop-Ukulele-min88bd.jpg]
[minimums.com/wp-content/uploads/2016/08/Chocolate-min-1500x840.jpg]
[i0.wp.com/minimums.com/wp-content/uploads/2016/08/Chocolate-copy-mincc32.jpg]
[i0.wp.com/minimums.com/wp-content/uploads/2016/08/Endangered-Species-Chocolate-mindcc9.jpg]
[minimums.com/wp-content/uploads/2016/08/Little-Mountain-Pottery-Lamp-min-1500x1000.jpg]
[i2.wp.com/minimums.com/wp-content/uploads/2016/08/Lamp-min-1cc32.jpg]
[i2.wp.com/minimums.com/wp-content/uploads/2016/08/Little-Mountain-Pottery-Lamp-2-mindcc9.jpg]
[minimums.com/wp-content/uploads/2016/08/Bose-3-min-1500x1096.jpg]
[minimums.com/wp-content/uploads/2016/08/Ford-Flex-and-Ziggy-copy-min-1500x1000.jpg]
[minimums.com/wp-content/uploads/2016/08/Ford-Flex-and-Ziggy-3-min-1500x1000.jpg]
[minimums.com/wp-content/uploads/2016/08/Handmade-Handplayed-Book-copy-min-1500x1046.jpg]
[i2.wp.com/minimums.com/wp-content/uploads/2016/08/Lichty-Django-Archtop-Ukulele-1-mincc32.jpg]
[i1.wp.com/minimums.com/wp-content/uploads/2016/08/Handmade-Handplayed-copy-2-mindcc9.jpg]
[minimums.com/wp-content/uploads/2016/09/Out-On-the-Kalahari-Cindy-Woods-Painting-2-1-1500x1000.png]
[minimums.com/wp-content/uploads/2016/09/Out-On-the-Kalahari-Cindy-Woods-Painting-tie-in-2-1-1500x960.png]
[minimums.com/wp-content/uploads/2016/08/Antique-Tool-min-1500x1000.jpg]
[minimums.com/wp-content/uploads/2016/08/Antique-Tool-group-Jays-hands-min-1500x1000.jpg]
[minimums.com/wp-content/uploads/2016/08/General-3-min-1500x1000.jpg]
[minimums.com/wp-content/uploads/2016/09/lichty-1500x908.png]
[minimums.com/wp-content/uploads/2016/09/Lichty-Guitars-General-11-1500x938.png]
[minimums.com/wp-content/uploads/2016/09/General-8-1500x1000.png]
[minimums.com/wp-content/uploads/2016/09/Lichty-Guitars-General-1500x938.jpg]
[minimums.com/wp-content/uploads/2016/09/jay-and-Ziggy-1500x1000.png]
[minimums.com/jay-lichty/index.html]
[minimums.com/wp-json/oembed/1.0/embeda0f6.json]
[minimums.com/will-ky/index.html]
[minimums.com/wp-json/oembed/1.0/embed1487]
[minimums.com/wp-content/uploads/2016/10/B0027066.jpg]
[minimums.com/wp-content/uploads/2016/10/Screen-Shot-2016-10-03-at-8.50.00-AM.png]
[minimums.com/wp-content/uploads/2016/10/WP8A8574.jpg]
[minimums.com/wp-content/uploads/2016/10/WP8A8560.jpg]
[minimums.com/wp-content/uploads/2016/10/WP8A8482.jpg]
[minimums.com/wp-content/uploads/2016/10/WP8A8449.jpg]
[minimums.com/wp-content/uploads/2016/10/B0027096.jpg]
[minimums.com/wp-content/uploads/2016/10/WP8A8697.jpg]
[minimums.com/wp-content/uploads/2016/10/WP8A9968.jpg]
[minimums.com/wp-content/uploads/2016/10/WP8A8652.jpg]
[minimums.com/wp-content/uploads/2016/10/WP8A8732.jpg]
[minimums.com/wp-content/uploads/2016/10/WP8A8574-1500x998.jpg]
[i0.wp.com/minimums.com/wp-content/uploads/2016/10/WP8A98935826.jpg]
[i2.wp.com/minimums.com/wp-content/uploads/2016/10/WP8A857613ee.jpg]
[i0.wp.com/minimums.com/wp-content/uploads/2016/10/B0027027b2ca.jpg]
[minimums.com/wp-content/uploads/2016/10/WP8A8560-1500x785.jpg]
[minimums.com/wp-content/uploads/2016/10/WP8A8482-1500x999.jpg]
[i1.wp.com/minimums.com/wp-content/uploads/2016/10/WP8A85075812.jpg]
[i1.wp.com/minimums.com/wp-content/uploads/2016/10/B0027005cfd6.jpg]
[i2.wp.com/minimums.com/wp-content/uploads/2016/10/WP8A84681e04.jpg]
[minimums.com/wp-content/uploads/2016/10/WP8A8449-1500x1221.jpg]
[minimums.com/wp-content/uploads/2016/10/B0027096-1500x958.jpg]
[minimums.com/wp-content/uploads/2016/10/WP8A9968-1500x1000.jpg]
[i2.wp.com/minimums.com/wp-content/uploads/2016/10/B00271317f7f.jpg]
[i2.wp.com/minimums.com/wp-content/uploads/2016/10/WP8A997869b3.jpg]
[i2.wp.com/minimums.com/wp-content/uploads/2016/10/B0027139-1c8be.jpg]
[minimums.com/wp-content/uploads/2016/10/WP8A8652-1500x1000.jpg]
[minimums.com/wp-content/uploads/2016/10/B0027110-1-1500x2000.jpg]
[minimums.com/wp-content/uploads/2016/10/WP8A8732-1500x1000.jpg]
[i0.wp.com/minimums.com/wp-content/uploads/2016/10/WP8A8717f5c1.jpg]
[i1.wp.com/minimums.com/wp-content/uploads/2016/10/WP8A8723f5c1.jpg]
[i2.wp.com/minimums.com/wp-content/uploads/2016/10/WP8A8705f5c1.jpg]
[minimums.com/wp-content/uploads/2016/10/WP8A9887-1500x1000.jpg]
[minimums.com/wp-content/uploads/2016/10/B0027027-1500x1125.jpg]
[minimums.com/wp-content/uploads/2016/10/WP8A9916-1500x1000.jpg]
[minimums.com/wp-content/uploads/2016/10/WP8A9928-1500x1000.jpg]
[minimums.com/moonsub-shin/index.html]
[minimums.com/wp-json/oembed/1.0/embed7613.json]
[minimums.com/lynn-le/index.html]
[minimums.com/wp-json/oembed/1.0/embed2b69]
[minimums.com/wp-content/uploads/2016/12/IMG_4289.jpg]
[minimums.com/wp-content/uploads/2016/12/IMG_4250.jpg]
[minimums.com/wp-content/uploads/2016/12/IMG_4234.jpg]
[minimums.com/wp-content/uploads/2016/12/IMG_4251-1.jpg]
[minimums.com/wp-content/uploads/2016/12/IMG_4302.jpg]
[minimums.com/wp-content/uploads/2016/12/IMG_4071-3.jpg]
[minimums.com/wp-content/uploads/2016/12/IMG_4168.jpg]
[minimums.com/wp-content/uploads/2016/12/IMG_4233-2.jpg]
[minimums.com/wp-content/uploads/2016/12/IMG_4121.jpg]
[minimums.com/wp-content/uploads/2016/12/IMG_4250-1500x1000.jpg]
[minimums.com/wp-content/uploads/2016/12/IMG_4078-3-1500x1000.jpg]
[minimums.com/wp-content/uploads/2016/12/IMG_4234-1500x1000.jpg]
[minimums.com/wp-content/uploads/2016/12/IMG_4201-1500x1000.jpg]
[minimums.com/wp-content/uploads/2016/12/IMG_4251-1500x1000.jpg]
[i0.wp.com/minimums.com/wp-content/uploads/2016/12/IMG_410325d4.jpg]
[i2.wp.com/minimums.com/wp-content/uploads/2016/12/IMG_4064-2c08b.jpg]
[i0.wp.com/minimums.com/wp-content/uploads/2016/12/IMG_4113ad7e.jpg]
[minimums.com/wp-content/uploads/2016/12/IMG_4302-1500x1000.jpg]
[i1.wp.com/minimums.com/wp-content/uploads/2016/12/IMG_4090-2cc32.jpg]
[i1.wp.com/minimums.com/wp-content/uploads/2016/12/IMG_4096dcc9.jpg]
[minimums.com/wp-content/uploads/2016/12/IMG_4071-3-1500x1000.jpg]
[minimums.com/wp-content/uploads/2016/12/IMG_4161-1500x1000.jpg]
[i2.wp.com/minimums.com/wp-content/uploads/2016/12/IMG_4161-125d4.jpg]
[i2.wp.com/minimums.com/wp-content/uploads/2016/12/IMG_4181c08b.jpg]
[i0.wp.com/minimums.com/wp-content/uploads/2016/12/IMG_4182ad7e.jpg]
[minimums.com/wp-content/uploads/2016/12/IMG_4233-2-1500x1000.jpg]
[i2.wp.com/minimums.com/wp-content/uploads/2016/12/IMG_4225-2cc32.jpg]
[i0.wp.com/minimums.com/wp-content/uploads/2016/12/IMG_4219dcc9.jpg]
[minimums.com/wp-content/uploads/2016/12/IMG_4121-1500x1000.jpg]
[minimums.com/wp-content/uploads/2016/12/IMG_4129-1500x1000.jpg]
[minimums.com/wp-content/uploads/2016/12/IMG_4216-1500x1000.jpg]
[minimums.com/wp-content/uploads/2016/12/IMG_4260-1500x1000.jpg]
[minimums.com/wp-content/uploads/2016/12/IMG_4244-1500x1000.jpg]
[minimums.com/wp-content/uploads/2016/12/IMG_4137-1500x1000.jpg]
[minimums.com/wp-content/uploads/2016/12/IMG_4148-1500x1000.jpg]
[minimums.com/alex-mimi-ikonn/index.html]
[minimums.com/wp-json/oembed/1.0/embede5cc.json]
[minimums.com/james-bolenbaugh/index.html]
[minimums.com/wp-json/oembed/1.0/embedf298]
[minimums.com/wp-content/uploads/2016/08/Minimums_Jonathan_LizClayman_03.jpg]
[minimums.com/wp-content/uploads/2016/07/liz.png]
[minimums.com/wp-content/uploads/2016/08/Minimums_Jonathan_LizClayman_12.jpg]
[minimums.com/wp-content/uploads/2016/08/Minimums_Jonathan_LizClayman_14.jpg]
[minimums.com/wp-content/uploads/2016/08/Minimums_Jonathan_LizClayman_41.jpg]
[minimums.com/wp-content/uploads/2016/08/Minimums_Jonathan_LizClayman_52.jpg]
[minimums.com/wp-content/uploads/2016/08/Minimums_Jonathan_LizClayman_62.jpg]
[minimums.com/wp-content/uploads/2016/08/Minimums_Jonathan_LizClayman_21.jpg]
[minimums.com/wp-content/uploads/2016/08/Minimums_Jonathan_LizClayman_25.jpg]
[minimums.com/wp-content/uploads/2016/08/Minimums_Jonathan_LizClayman_69.jpg]
[minimums.com/wp-content/uploads/2016/08/Minimums_Jonathan_LizClayman_53.jpg]
[minimums.com/wp-content/uploads/2016/08/Minimums_Jonathan_LizClayman_04.jpg]
[i0.wp.com/minimums.com/wp-content/uploads/2016/08/Minimums_Jonathan_LizClayman_12020a.jpg]
[i2.wp.com/minimums.com/wp-content/uploads/2016/08/Minimums_Jonathan_LizClayman_10ad7e.jpg]
[i0.wp.com/minimums.com/wp-content/uploads/2016/08/Minimums_Jonathan_LizClayman_09ad7e.jpg]
[minimums.com/wp-content/uploads/2016/08/Minimums_Jonathan_LizClayman_13-1500x1001.jpg]
[i0.wp.com/minimums.com/wp-content/uploads/2016/08/Minimums_Jonathan_LizClayman_14020a.jpg]
[i1.wp.com/minimums.com/wp-content/uploads/2016/08/Minimums_Jonathan_LizClayman_18ad7e.jpg]
[i1.wp.com/minimums.com/wp-content/uploads/2016/08/Minimums_Jonathan_LizClayman_16ad7e.jpg]
[minimums.com/wp-content/uploads/2016/08/Minimums_Jonathan_LizClayman_41-1500x1001.jpg]
[i1.wp.com/minimums.com/wp-content/uploads/2016/08/Minimums_Jonathan_LizClayman_38020a.jpg]
[i2.wp.com/minimums.com/wp-content/uploads/2016/08/Minimums_Jonathan_LizClayman_37ad7e.jpg]
[i2.wp.com/minimums.com/wp-content/uploads/2016/08/Minimums_Jonathan_LizClayman_34ad7e.jpg]
[i0.wp.com/minimums.com/wp-content/uploads/2016/08/Minimums_Jonathan_LizClayman_33416a.jpg]
[i1.wp.com/minimums.com/wp-content/uploads/2016/08/Minimums_Jonathan_LizClayman_3219e4.jpg]
[minimums.com/wp-content/uploads/2016/08/Minimums_Jonathan_LizClayman_52-1500x1000.jpg]
[i0.wp.com/minimums.com/wp-content/uploads/2016/08/Minimums_Jonathan_LizClayman_496734.jpg]
[i0.wp.com/minimums.com/wp-content/uploads/2016/08/Minimums_Jonathan_LizClayman_502586.jpg]
[minimums.com/wp-content/uploads/2016/08/Minimums_Jonathan_LizClayman_57-1500x1001.jpg]
[i1.wp.com/minimums.com/wp-content/uploads/2016/08/Minimums_Jonathan_LizClayman_6449bf.jpg]
[i2.wp.com/minimums.com/wp-content/uploads/2016/08/Minimums_Jonathan_LizClayman_63e68b.jpg]
[i2.wp.com/minimums.com/wp-content/uploads/2016/08/Minimums_Jonathan_LizClayman_60ff36.jpg]
[minimums.com/wp-content/uploads/2016/08/Minimums_Jonathan_LizClayman_20-1500x1001.jpg]
[minimums.com/wp-content/uploads/2016/08/Minimums_Jonathan_LizClayman_22-1500x1001.jpg]
[minimums.com/wp-content/uploads/2016/08/Minimums_Jonathan_LizClayman_27.jpg]
[i0.wp.com/minimums.com/wp-content/uploads/2016/08/Minimums_Jonathan_LizClayman_29268d.jpg]
[i1.wp.com/minimums.com/wp-content/uploads/2016/08/Minimums_Jonathan_LizClayman_23dc33.jpg]
[minimums.com/wp-content/uploads/2016/08/Minimums_Jonathan_LizClayman_69-1500x1001.jpg]
[i2.wp.com/minimums.com/wp-content/uploads/2016/08/Minimums_Jonathan_LizClayman_735237.jpg]
[i1.wp.com/minimums.com/wp-content/uploads/2016/08/Minimums_Jonathan_LizClayman_705237.jpg]
[i0.wp.com/minimums.com/wp-content/uploads/2016/08/Minimums_Jonathan_LizClayman_715237.jpg]
[i2.wp.com/minimums.com/wp-content/uploads/2016/08/Minimums_Jonathan_LizClayman_745237.jpg]
[minimums.com/wp-content/uploads/2016/08/Minimums_Jonathan_LizClayman_53-1500x1001.jpg]
[i2.wp.com/minimums.com/wp-content/uploads/2016/08/Minimums_Jonathan_LizClayman_55416a.jpg]
[i2.wp.com/minimums.com/wp-content/uploads/2016/08/Minimums_Jonathan_LizClayman_5419e4.jpg]
[minimums.com/wp-content/uploads/2016/08/Minimums_Jonathan_LizClayman_43-1500x1001.jpg]
[minimums.com/wp-content/uploads/2016/08/Minimums_Jonathan_LizClayman_46-1500x1001.jpg]
[minimums.com/wp-content/uploads/2016/08/Minimums_Jonathan_LizClayman_56-1500x1001.jpg]
[minimums.com/wp-content/uploads/2016/08/Minimums_Jonathan_LizClayman_79-1500x1001.jpg]
[minimums.com/wp-content/uploads/2016/08/Minimums_Jonathan_LizClayman_02-1500x1001.jpg]
[minimums.com/jonathan-levine/index.html]
[minimums.com/wp-json/oembed/1.0/embed8ac7.json]
[minimums.com/jaclyn-johnson/index.html]
[minimums.com/wp-json/oembed/1.0/embedb225]
[minimums.com/wp-content/uploads/2016/10/ZT7A6433.jpg]
[minimums.com/wp-content/uploads/2016/10/fgF000b0.jpg]
[minimums.com/wp-content/uploads/2016/07/ZT7A6312.jpg]
[minimums.com/wp-content/uploads/2016/10/ZT7A6521.jpg]
[minimums.com/wp-content/uploads/2016/10/ZT7A6463.jpg]
[minimums.com/wp-content/uploads/2016/10/ZT7A6329.jpg]
[minimums.com/wp-content/uploads/2016/10/ZT7A6397.jpg]
[minimums.com/wp-content/uploads/2016/10/ZT7A6370.jpg]
[minimums.com/wp-content/uploads/2016/10/ZT7A6537.jpg]
[minimums.com/wp-content/uploads/2016/07/ZT7A6407.jpg]
[minimums.com/wp-content/uploads/2016/07/ZT7A6439.jpg]
[minimums.com/wp-content/uploads/2016/07/ZT7A6542.jpg]
[minimums.com/wp-content/uploads/2016/07/ZT7A6312-1500x1000.jpg]
[i2.wp.com/minimums.com/wp-content/uploads/2016/07/ZT7A631525d4.jpg]
[i2.wp.com/minimums.com/wp-content/uploads/2016/07/ZT7A6308c08b.jpg]
[i2.wp.com/minimums.com/wp-content/uploads/2016/07/ZT7A6295ad7e.jpg]
[minimums.com/wp-content/uploads/2016/07/ZT7A6347-1500x1000.jpg]
[i2.wp.com/minimums.com/wp-content/uploads/2016/10/ZT7A652125d4.jpg]
[i1.wp.com/minimums.com/wp-content/uploads/2016/07/ZT7A6340ad7e.jpg]
[i0.wp.com/minimums.com/wp-content/uploads/2016/10/ZT7A6359c08b.jpg]
[minimums.com/wp-content/uploads/2016/07/ZT7A6452-1500x1000.jpg]
[i2.wp.com/minimums.com/wp-content/uploads/2016/10/ZT7A6457cc32.jpg]
[i1.wp.com/minimums.com/wp-content/uploads/2016/10/ZT7A6463dcc9.jpg]
[minimums.com/wp-content/uploads/2016/07/ZT7A6318-1500x1000.jpg]
[minimums.com/wp-content/uploads/2016/10/ZT7A6329-1500x1000.jpg]
[minimums.com/wp-content/uploads/2016/07/ZT7A6392-1500x1000.jpg]
[minimums.com/wp-content/uploads/2016/10/ZT7A6397-1500x1000.jpg]
[minimums.com/wp-content/uploads/2016/07/ZT7A6365-1500x1000.jpg]
[i1.wp.com/minimums.com/wp-content/uploads/2016/10/ZT7A6373cc32.jpg]
[i0.wp.com/minimums.com/wp-content/uploads/2016/10/ZT7A6361dcc9.jpg]
[minimums.com/wp-content/uploads/2016/07/ZT7A6379-1500x1000.jpg]
[i0.wp.com/minimums.com/wp-content/uploads/2016/10/ZT7A6528-1cc32.jpg]
[i0.wp.com/minimums.com/wp-content/uploads/2016/10/ZT7A6537dcc9.jpg]
[minimums.com/wp-content/uploads/2016/07/ZT7A6407-1500x1000.jpg]
[i0.wp.com/minimums.com/wp-content/uploads/2016/07/ZT7A6410cc32.jpg]
[i2.wp.com/minimums.com/wp-content/uploads/2016/07/ZT7A6417dcc9.jpg]
[minimums.com/wp-content/uploads/2016/07/ZT7A6439-1500x1000.jpg]
[minimums.com/wp-content/uploads/2016/10/ZT7A6434-1500x1000.jpg]
[minimums.com/wp-content/uploads/2016/07/ZT7A6542-1500x1000.jpg]
[minimums.com/wp-content/uploads/2016/10/ZT7A6499.jpg]
[minimums.com/will-ky/index.html]
[minimums.com/wp-json/oembed/1.0/embed6461.json]
[minimums.com/alexandra-clark/index.html]
[minimums.com/wp-json/oembed/1.0/embedfcb6]
[minimums.com/wp-content/uploads/2016/12/20161118_ILK_-LynnLe_0833.jpg]
[minimums.com/wp-content/uploads/2016/12/20161118_ILK_-LynnLe_0487.jpg]
[minimums.com/wp-content/uploads/2016/12/20161118_ILK_-LynnLe_0507.jpg]
[minimums.com/wp-content/uploads/2016/12/20161118_ILK_-LynnLe_0876.jpg]
[minimums.com/wp-content/uploads/2016/12/20161118_ILK_-LynnLe_0594.jpg]
[minimums.com/wp-content/uploads/2016/12/20161118_ILK_-LynnLe_0935.jpg]
[minimums.com/wp-content/uploads/2016/12/20161118_ILK_-LynnLe_0989.jpg]
[minimums.com/wp-content/uploads/2016/12/20161118_ILK_-LynnLe_0439-1500x1000.jpg]
[i2.wp.com/minimums.com/wp-content/uploads/2016/12/20161118_ILK_-LynnLe_045725d4.jpg]
[i2.wp.com/minimums.com/wp-content/uploads/2016/12/20161118_ILK_-LynnLe_0453c08b.jpg]
[i2.wp.com/minimums.com/wp-content/uploads/2016/12/20161118_ILK_-LynnLe_0487ad7e.jpg]
[minimums.com/wp-content/uploads/2016/12/20161118_ILK_-LynnLe_0507-1500x1000.jpg]
[minimums.com/wp-content/uploads/2016/12/20161118_ILK_-LynnLe_0497-1500x1000.jpg]
[minimums.com/wp-content/uploads/2016/12/20161118_ILK_-LynnLe_0876-1500x1000.jpg]
[i1.wp.com/minimums.com/wp-content/uploads/2016/12/20161118_ILK_-LynnLe_055425d4.jpg]
[i2.wp.com/minimums.com/wp-content/uploads/2016/12/20161118_ILK_-LynnLe_0889c08b.jpg]
[i2.wp.com/minimums.com/wp-content/uploads/2016/12/20161118_ILK_-LynnLe_0833ad7e.jpg]
[minimums.com/wp-content/uploads/2016/12/20161118_ILK_-LynnLe_0594-1500x1000.jpg]
[i2.wp.com/minimums.com/wp-content/uploads/2016/12/20161118_ILK_-LynnLe_06096ce7.jpg]
[i2.wp.com/minimums.com/wp-content/uploads/2016/12/20161118_ILK_-LynnLe_0583fa64.jpg]
[i0.wp.com/minimums.com/wp-content/uploads/2016/12/20161118_ILK_-LynnLe_07020f6c.jpg]
[minimums.com/wp-content/uploads/2016/12/20161118_ILK_-LynnLe_0935-1500x1000.jpg]
[i2.wp.com/minimums.com/wp-content/uploads/2016/12/20161118_ILK_-LynnLe_10136734.jpg]
[i0.wp.com/minimums.com/wp-content/uploads/2016/12/20161118_ILK_-LynnLe_09442586.jpg]
[minimums.com/wp-content/uploads/2016/12/20161118_ILK_-LynnLe_0987-1500x1000.jpg]
[i1.wp.com/minimums.com/wp-content/uploads/2016/12/20161118_ILK_-LynnLe_09894f9f.jpg]
[i2.wp.com/minimums.com/wp-content/uploads/2016/12/20161118_ILK_-LynnLe_0997aa12.jpg]
[i0.wp.com/minimums.com/wp-content/uploads/2016/12/20161118_ILK_-LynnLe_1010f634.jpg]
[minimums.com/wp-content/uploads/2016/12/20161118_ILK_-LynnLe_1021.jpg]
[minimums.com/wp-content/uploads/2016/12/20161118_ILK_-LynnLe_0350-1500x1000.jpg]
[minimums.com/wp-content/uploads/2016/12/20161118_ILK_-LynnLe_0356-1500x1000.jpg]
[minimums.com/wp-content/uploads/2016/12/20161118_ILK_-LynnLe_0665.jpg]
[minimums.com/wp-content/uploads/2016/12/20161118_ILK_-LynnLe_0866-1-1500x1000.png]
[minimums.com/lynn-le/index.html]
[minimums.com/wp-json/oembed/1.0/embed3fa0.json]
[minimums.com/baldwin-cunningham/index.html]
[minimums.com/wp-json/oembed/1.0/embed3707]
[minimums.com/wp-content/uploads/2016/07/JamesBolenbaugh_Minimums_LizClayman_13.jpg]
[minimums.com/wp-content/uploads/2016/07/JamesBolenbaugh_Minimums_LizClayman_01.jpg]
[minimums.com/wp-content/uploads/2016/07/JamesBolenbaugh_Minimums_LizClayman_33.jpg]
[minimums.com/wp-content/uploads/2016/07/JamesBolenbaugh_Minimums_LizClayman_38.jpg]
[minimums.com/wp-content/uploads/2016/07/JamesBolenbaugh_Minimums_LizClayman_51.jpg]
[minimums.com/wp-content/uploads/2016/07/JamesBolenbaugh_Minimums_LizClayman_55.jpg]
[minimums.com/wp-content/uploads/2016/07/JamesBolenbaugh_Minimums_LizClayman_68.jpg]
[minimums.com/wp-content/uploads/2016/07/JamesBolenbaugh_Minimums_LizClayman_71.jpg]
[minimums.com/wp-content/uploads/2016/07/JamesBolenbaugh_Minimums_LizClayman_74.jpg]
[minimums.com/wp-content/uploads/2016/07/JamesBolenbaugh_Minimums_LizClayman_83.jpg]
[minimums.com/wp-content/uploads/2016/07/JamesBolenbaugh_Minimums_LizClayman_87.jpg]
[minimums.com/wp-content/uploads/2016/07/JamesBolenbaugh_Minimums_LizClayman_01-1500x1001.jpg]
[i1.wp.com/minimums.com/wp-content/uploads/2016/07/JamesBolenbaugh_Minimums_LizClayman_21020a.jpg]
[i1.wp.com/minimums.com/wp-content/uploads/2016/07/JamesBolenbaugh_Minimums_LizClayman_15ad7e.jpg]
[i2.wp.com/minimums.com/wp-content/uploads/2016/07/JamesBolenbaugh_Minimums_LizClayman_10ad7e.jpg]
[i1.wp.com/minimums.com/wp-content/uploads/2016/07/JamesBolenbaugh_Minimums_LizClayman_23416a.jpg]
[i2.wp.com/minimums.com/wp-content/uploads/2016/07/JamesBolenbaugh_Minimums_LizClayman_2819e4.jpg]
[minimums.com/wp-content/uploads/2016/07/JamesBolenbaugh_Minimums_LizClayman_32-1500x1001.jpg]
[i1.wp.com/minimums.com/wp-content/uploads/2016/07/JamesBolenbaugh_Minimums_LizClayman_34020a.jpg]
[i1.wp.com/minimums.com/wp-content/uploads/2016/07/JamesBolenbaugh_Minimums_LizClayman_35ad7e.jpg]
[i0.wp.com/minimums.com/wp-content/uploads/2016/07/JamesBolenbaugh_Minimums_LizClayman_37ad7e.jpg]
[minimums.com/wp-content/uploads/2016/07/JamesBolenbaugh_Minimums_LizClayman_38-1500x1001.jpg]
[i2.wp.com/minimums.com/wp-content/uploads/2016/07/JamesBolenbaugh_Minimums_LizClayman_39cc32.jpg]
[i2.wp.com/minimums.com/wp-content/uploads/2016/07/JamesBolenbaugh_Minimums_LizClayman_40dcc9.jpg]
[minimums.com/wp-content/uploads/2016/07/JamesBolenbaugh_Minimums_LizClayman_50-1500x1001.jpg]
[i2.wp.com/minimums.com/wp-content/uploads/2016/07/JamesBolenbaugh_Minimums_LizClayman_44020a.jpg]
[i2.wp.com/minimums.com/wp-content/uploads/2016/07/JamesBolenbaugh_Minimums_LizClayman_46ad7e.jpg]
[i2.wp.com/minimums.com/wp-content/uploads/2016/07/JamesBolenbaugh_Minimums_LizClayman_48ad7e.jpg]
[i2.wp.com/minimums.com/wp-content/uploads/2016/07/JamesBolenbaugh_Minimums_LizClayman_47ea0d.jpg]
[minimums.com/wp-content/uploads/2016/07/JamesBolenbaugh_Minimums_LizClayman_56-1500x1001.jpg]
[i0.wp.com/minimums.com/wp-content/uploads/2016/07/JamesBolenbaugh_Minimums_LizClayman_64020a.jpg]
[i0.wp.com/minimums.com/wp-content/uploads/2016/07/JamesBolenbaugh_Minimums_LizClayman_63ad7e.jpg]
[i2.wp.com/minimums.com/wp-content/uploads/2016/07/JamesBolenbaugh_Minimums_LizClayman_61ad7e.jpg]
[i0.wp.com/minimums.com/wp-content/uploads/2016/07/JamesBolenbaugh_Minimums_LizClayman_60416a.jpg]
[i0.wp.com/minimums.com/wp-content/uploads/2016/07/JamesBolenbaugh_Minimums_LizClayman_5919e4.jpg]
[minimums.com/wp-content/uploads/2016/07/JamesBolenbaugh_Minimums_LizClayman_68-1500x1001.jpg]
[minimums.com/wp-content/uploads/2016/07/JamesBolenbaugh_Minimums_LizClayman_69-1500x1001.jpg]
[minimums.com/wp-content/uploads/2016/07/JamesBolenbaugh_Minimums_LizClayman_71-1500x1001.jpg]
[i0.wp.com/minimums.com/wp-content/uploads/2016/07/JamesBolenbaugh_Minimums_LizClayman_73416a.jpg]
[i0.wp.com/minimums.com/wp-content/uploads/2016/07/JamesBolenbaugh_Minimums_LizClayman_7219e4.jpg]
[minimums.com/wp-content/uploads/2016/07/JamesBolenbaugh_Minimums_LizClayman_77-1500x1001.jpg]
[i0.wp.com/minimums.com/wp-content/uploads/2016/07/JamesBolenbaugh_Minimums_LizClayman_74020a.jpg]
[i0.wp.com/minimums.com/wp-content/uploads/2016/07/JamesBolenbaugh_Minimums_LizClayman_75ad7e.jpg]
[i2.wp.com/minimums.com/wp-content/uploads/2016/07/JamesBolenbaugh_Minimums_LizClayman_79ad7e.jpg]
[minimums.com/wp-content/uploads/2016/07/JamesBolenbaugh_Minimums_LizClayman_83-1500x1001.jpg]
[i0.wp.com/minimums.com/wp-content/uploads/2016/07/JamesBolenbaugh_Minimums_LizClayman_85416a.jpg]
[i0.wp.com/minimums.com/wp-content/uploads/2016/07/JamesBolenbaugh_Minimums_LizClayman_8419e4.jpg]
[minimums.com/wp-content/uploads/2016/07/JamesBolenbaugh_Minimums_LizClayman_88-1500x951.jpg]
[i2.wp.com/minimums.com/wp-content/uploads/2016/07/JamesBolenbaugh_Minimums_LizClayman_94020a.jpg]
[i1.wp.com/minimums.com/wp-content/uploads/2016/07/JamesBolenbaugh_Minimums_LizClayman_92ad7e.jpg]
[i0.wp.com/minimums.com/wp-content/uploads/2016/07/JamesBolenbaugh_Minimums_LizClayman_91ad7e.jpg]
[minimums.com/wp-content/uploads/2016/07/JamesBolenbaugh_Minimums_LizClayman_61-1500x1001.jpg]
[minimums.com/wp-content/uploads/2016/07/JamesBolenbaugh_Minimums_LizClayman_52-1500x1001.jpg]
[minimums.com/wp-content/uploads/2016/07/JamesBolenbaugh_Minimums_LizClayman_93-1500x1001.jpg]
[minimums.com/wp-content/uploads/2016/07/JamesBolenbaugh_Minimums_LizClayman_19-1500x1001.jpg]
[minimums.com/wp-content/uploads/2016/07/JamesBolenbaugh_Minimums_LizClayman_26-1500x1001.jpg]
[minimums.com/james-bolenbaugh/index.html]
[minimums.com/wp-json/oembed/1.0/embed50b1.json]
[minimums.com/sarah-kunst/index.html]
[minimums.com/wp-json/oembed/1.0/embedaaff]
[minimums.com/wp-content/uploads/2016/08/IMG_9034.jpg]
[minimums.com/wp-content/uploads/2016/09/Screen-Shot-2016-09-12-at-8.26.29-PM.png]
[minimums.com/wp-content/uploads/2016/09/IMG_8856.png]
[minimums.com/wp-content/uploads/2016/08/IMG_8934.jpg]
[minimums.com/wp-content/uploads/2016/09/IMG_8898.png]
[minimums.com/wp-content/uploads/2016/08/IMG_8963.jpg]
[minimums.com/wp-content/uploads/2016/08/IMG_8992.jpg]
[minimums.com/wp-content/uploads/2016/09/IMG_8890.png]
[minimums.com/wp-content/uploads/2016/09/IMG_8856-1500x1000.png]
[i1.wp.com/minimums.com/wp-content/uploads/2016/09/IMG_8858cc32.jpg]
[i1.wp.com/minimums.com/wp-content/uploads/2016/09/IMG_8863dcc9.jpg]
[minimums.com/wp-content/uploads/2016/08/IMG_8934-1500x1000.jpg]
[i0.wp.com/minimums.com/wp-content/uploads/2016/08/IMG_8924cc32.jpg]
[i1.wp.com/minimums.com/wp-content/uploads/2016/08/IMG_8938dcc9.jpg]
[minimums.com/wp-content/uploads/2016/09/IMG_8898-1500x1000.png]
[i1.wp.com/minimums.com/wp-content/uploads/2016/09/alan194f.png]
[i2.wp.com/minimums.com/wp-content/uploads/2016/09/IMG_89073f4d.png]
[minimums.com/wp-content/uploads/2016/08/IMG_8961.jpg]
[i2.wp.com/minimums.com/wp-content/uploads/2016/08/IMG_8963dc33.jpg]
[i1.wp.com/minimums.com/wp-content/uploads/2016/08/IMG_8953268d.jpg]
[minimums.com/wp-content/uploads/2016/08/IMG_8990-1500x1000.jpg]
[i1.wp.com/minimums.com/wp-content/uploads/2016/08/IMG_9068f14d.jpg]
[i0.wp.com/minimums.com/wp-content/uploads/2016/08/IMG_89923504.jpg]
[i0.wp.com/minimums.com/wp-content/uploads/2016/08/IMG_90009932.jpg]
[minimums.com/wp-content/uploads/2016/08/IMG_9087-1500x1000.jpg]
[i1.wp.com/minimums.com/wp-content/uploads/2016/09/IMG_88903f4d.png]
[i1.wp.com/minimums.com/wp-content/uploads/2016/09/IMG_8876194f.jpg]
[minimums.com/wp-content/uploads/2016/08/IMG_8920-1500x1000.jpg]
[minimums.com/wp-content/uploads/2016/08/IMG_9024-1500x1000.jpg]
[minimums.com/wp-content/uploads/2016/08/IMG_9005-1500x1000.jpg]
[minimums.com/wp-content/uploads/2016/08/IMG_9054-1500x1000.jpg]
[minimums.com/jaclyn-johnson/index.html]
[minimums.com/wp-json/oembed/1.0/embedaddd.json]
[minimums.com/mara-lecocq/index.html]
[minimums.com/wp-json/oembed/1.0/embed6818]
[minimums.com/wp-content/uploads/2016/12/minimums-alexclark-56.jpg]
[minimums.com/alexandra-clark/kvnwlf.3a7.delayed]
[minimums.com/wp-content/uploads/2016/12/minimums-alexclark-1.jpg]
[minimums.com/wp-content/uploads/2016/12/minimums-alexclark-4.jpg]
[minimums.com/wp-content/uploads/2016/12/minimums-alexclark-10.jpg]
[minimums.com/wp-content/uploads/2016/12/minimums-alexclark-15.jpg]
[minimums.com/wp-content/uploads/2016/12/minimums-alexclark-24.jpg]
[minimums.com/wp-content/uploads/2016/12/minimums-alexclark-26.jpg]
[minimums.com/wp-content/uploads/2016/12/minimums-alexclark-40.jpg]
[minimums.com/wp-content/uploads/2016/12/minimums-alexclark-16.jpg]
[minimums.com/wp-content/uploads/2016/12/minimums-alexclark-43.jpg]
[minimums.com/wp-content/uploads/2016/12/minimums-alexclark-35.jpg]
[minimums.com/wp-content/uploads/2016/12/minimums-alexclark-3-1500x1000.jpg]
[minimums.com/wp-content/uploads/2016/12/minimums-alexclark-1-1500x1000.jpg]
[minimums.com/wp-content/uploads/2016/12/minimums-alexclark-5-1500x1000.jpg]
[i1.wp.com/minimums.com/wp-content/uploads/2016/12/minimums-alexclark-425d4.jpg]
[i1.wp.com/minimums.com/wp-content/uploads/2016/12/minimums-alexclark-19c08b.jpg]
[i2.wp.com/minimums.com/wp-content/uploads/2016/12/minimums-alexclark-6ad7e.jpg]
[minimums.com/wp-content/uploads/2016/12/minimums-alexclark-12-1500x1000.jpg]
[i0.wp.com/minimums.com/wp-content/uploads/2016/12/minimums-alexclark-1025d4.jpg]
[i2.wp.com/minimums.com/wp-content/uploads/2016/12/minimums-alexclark-11c08b.jpg]
[i2.wp.com/minimums.com/wp-content/uploads/2016/12/minimums-alexclark-13ad7e.jpg]
[minimums.com/wp-content/uploads/2016/12/minimums-alexclark-15-1500x1000.jpg]
[minimums.com/wp-content/uploads/2016/12/minimums-alexclark-14-1500x957.jpg]
[minimums.com/wp-content/uploads/2016/12/minimums-alexclark-22-1500x1000.jpg]
[i2.wp.com/minimums.com/wp-content/uploads/2016/12/minimums-alexclark-21cc32.jpg]
[i1.wp.com/minimums.com/wp-content/uploads/2016/12/minimums-alexclark-24dcc9.jpg]
[minimums.com/wp-content/uploads/2016/12/minimums-alexclark-26-1500x1000.jpg]
[i2.wp.com/minimums.com/wp-content/uploads/2016/12/minimums-alexclark-2925d4.jpg]
[i1.wp.com/minimums.com/wp-content/uploads/2016/12/minimums-alexclark-28c08b.jpg]
[i1.wp.com/minimums.com/wp-content/uploads/2016/12/minimums-alexclark-25ad7e.jpg]
[minimums.com/wp-content/uploads/2016/12/minimums-alexclark-34-1500x1000.jpg]
[i2.wp.com/minimums.com/wp-content/uploads/2016/12/minimums-alexclark-3825d4.jpg]
[i0.wp.com/minimums.com/wp-content/uploads/2016/12/minimums-alexclark-33c08b.jpg]
[i2.wp.com/minimums.com/wp-content/uploads/2016/12/minimums-alexclark-39ad7e.jpg]
[i1.wp.com/minimums.com/wp-content/uploads/2016/12/minimums-alexclark-406f6e.jpg]
[minimums.com/wp-content/uploads/2016/12/minimums-alexclark-16-1500x1000.jpg]
[minimums.com/wp-content/uploads/2016/12/minimums-alexclark-44-1500x1000.jpg]
[i2.wp.com/minimums.com/wp-content/uploads/2016/12/minimums-alexclark-4625d4.jpg]
[i2.wp.com/minimums.com/wp-content/uploads/2016/12/minimums-alexclark-43c08b.jpg]
[i0.wp.com/minimums.com/wp-content/uploads/2016/12/minimums-alexclark-20ad7e.jpg]
[minimums.com/wp-content/uploads/2016/12/minimums-alexclark-35-1500x1000.jpg]
[minimums.com/wp-content/uploads/2016/12/minimums-alexclark-36-1500x1000.jpg]
[minimums.com/wp-content/uploads/2016/12/minimums-alexclark-55-1500x1000.jpg]
[minimums.com/wp-content/uploads/2016/12/minimums-alexclark-43-1500x1000.jpg]
[minimums.com/wp-content/uploads/2016/12/minimums-alexclark-9-1500x1000.jpg]
[minimums.com/wp-content/uploads/2016/12/minimums-alexclark-32-1-1500x1000.jpg]
[minimums.com/wp-content/uploads/2016/12/minimums-alexclark-54-1500x1000.jpg]
[minimums.com/alexandra-clark/index.html]
[minimums.com/wp-json/oembed/1.0/embed69e5.json]
[minimums.com/i-ronni-kappos/index.html]
[minimums.com/wp-json/oembed/1.0/embed0727]
[minimums.com/wp-content/uploads/2016/08/2016-07-28-Minimums-Baldwin-1398-2.jpg]
[minimums.com/wp-content/uploads/2016/07/Screen-Shot-2016-07-15-at-9.33.26-PM.png]
[minimums.com/wp-content/uploads/2016/08/2016-07-28-Minimums-Baldwin-1134.jpg]
[minimums.com/wp-content/uploads/2016/08/2016-07-28-Minimums-Baldwin-1207.jpg]
[minimums.com/wp-content/uploads/2016/08/2016-07-28-Minimums-Baldwin-1346.jpg]
[minimums.com/wp-content/uploads/2016/08/2016-07-28-Minimums-Baldwin-1087.jpg]
[minimums.com/wp-content/uploads/2016/08/2016-07-28-Minimums-Baldwin-1435.jpg]
[minimums.com/wp-content/uploads/2016/08/2016-07-28-Minimums-Baldwin-1272.jpg]
[minimums.com/wp-content/uploads/2016/08/2016-07-28-Minimums-Baldwin-1301.jpg]
[minimums.com/wp-content/uploads/2016/08/2016-07-28-Minimums-Baldwin-1134-1500x1000.jpg]
[i2.wp.com/minimums.com/wp-content/uploads/2016/08/2016-07-28-Minimums-Baldwin-1142cc32.jpg]
[i2.wp.com/minimums.com/wp-content/uploads/2016/08/2016-07-28-Minimums-Baldwin-1138dcc9.jpg]
[minimums.com/wp-content/uploads/2016/08/2016-07-28-Minimums-Baldwin-1197-1500x1000.jpg]
[i0.wp.com/minimums.com/wp-content/uploads/2016/08/2016-07-28-Minimums-Baldwin-1207cc32.jpg]
[i1.wp.com/minimums.com/wp-content/uploads/2016/08/2016-07-28-Minimums-Baldwin-1173dcc9.jpg]
[minimums.com/wp-content/uploads/2016/08/2016-07-28-Minimums-Baldwin-1327-1500x1000.jpg]
[i2.wp.com/minimums.com/wp-content/uploads/2016/08/2016-07-28-Minimums-Baldwin-1358268d.jpg]
[i1.wp.com/minimums.com/wp-content/uploads/2016/08/2016-07-28-Minimums-Baldwin-1346dc33.jpg]
[minimums.com/wp-content/uploads/2016/08/2016-07-28-Minimums-Baldwin-1087-1500x1000.jpg]
[i1.wp.com/minimums.com/wp-content/uploads/2016/08/2016-07-28-Minimums-Baldwin-1107-125d4.jpg]
[i1.wp.com/minimums.com/wp-content/uploads/2016/08/2016-07-28-Minimums-Baldwin-1131c08b.jpg]
[i0.wp.com/minimums.com/wp-content/uploads/2016/08/2016-07-28-Minimums-Baldwin-1472ad7e.jpg]
[i0.wp.com/minimums.com/wp-content/uploads/2016/08/2016-07-28-Minimums-Baldwin-144851ea.jpg]
[minimums.com/baldwin-cunningham/2016-07-28-minimums-baldwin-1448/index.html]
[i2.wp.com/minimums.com/wp-content/uploads/2016/08/2016-07-28-Minimums-Baldwin-14418a04.jpg]
[minimums.com/baldwin-cunningham/2016-07-28-minimums-baldwin-1441/index.html]
[i0.wp.com/minimums.com/wp-content/uploads/2016/08/2016-07-28-Minimums-Baldwin-14318a04.jpg]
[minimums.com/baldwin-cunningham/2016-07-28-minimums-baldwin-1431/index.html]
[minimums.com/wp-content/uploads/2016/08/2016-07-28-Minimums-Baldwin-1272-1500x1000.jpg]
[i1.wp.com/minimums.com/wp-content/uploads/2016/08/2016-07-28-Minimums-Baldwin-12502835.jpg]
[i2.wp.com/minimums.com/wp-content/uploads/2016/08/2016-07-28-Minimums-Baldwin-1259883b.jpg]
[i1.wp.com/minimums.com/wp-content/uploads/2016/08/2016-07-28-Minimums-Baldwin-12299c98.jpg]
[i2.wp.com/minimums.com/wp-content/uploads/2016/08/2016-07-28-Minimums-Baldwin-12216f6e.jpg]
[i1.wp.com/minimums.com/wp-content/uploads/2016/08/2016-07-28-Minimums-Baldwin-1300bb6d.jpg]
[i0.wp.com/minimums.com/wp-content/uploads/2016/08/2016-07-28-Minimums-Baldwin-1290280a.jpg]
[i0.wp.com/minimums.com/wp-content/uploads/2016/08/2016-07-28-Minimums-Baldwin-1282280a.jpg]
[i1.wp.com/minimums.com/wp-content/uploads/2016/08/2016-07-28-Minimums-Baldwin-12786f6e.jpg]
[minimums.com/wp-content/uploads/2016/08/omni-ad-1.jpg]
[minimums.com/wp-content/uploads/2016/08/baldwin-1500x1000.jpg]
[minimums.com/baldwin-cunningham/index.html]
[minimums.com/wp-json/oembed/1.0/embedf3b2.json]
[minimums.com/wp-json/oembed/1.0/embed3051]
[minimums.com/mike-molly/index.html]
[minimums.com/wp-content/uploads/2016/10/070116_MINIMUMS_0146.jpg]
[minimums.com/wp-content/uploads/2016/08/3eebc91.jpg]
[minimums.com/wp-content/uploads/2016/08/070116_MINIMUMS_0238-1.jpg]
[minimums.com/wp-content/uploads/2016/08/070116_MINIMUMS_0002-min.jpg]
[minimums.com/wp-content/uploads/2016/08/070116_MINIMUMS_0106-1.jpg]
[minimums.com/wp-content/uploads/2016/08/070116_MINIMUMS_0105-1.jpg]
[minimums.com/wp-content/uploads/2016/08/070116_MINIMUMS_0066-min.jpg]
[minimums.com/wp-content/uploads/2016/08/070116_MINIMUMS_0238-1-1500x1000.jpg]
[i0.wp.com/minimums.com/wp-content/uploads/2016/08/070116_MINIMUMS_0247-1cc32.jpg]
[i0.wp.com/minimums.com/wp-content/uploads/2016/08/070116_MINIMUMS_0214-1dcc9.jpg]
[minimums.com/wp-content/uploads/2016/08/070116_MINIMUMS_0002-min-1500x1000.jpg]
[minimums.com/wp-content/uploads/2016/08/070116_MINIMUMS_0106-1-1500x1000.jpg]
[minimums.com/wp-content/uploads/2016/08/070116_MINIMUMS_0109-1-1500x1000.jpg]
[minimums.com/wp-content/uploads/2016/08/070116_MINIMUMS_0105-1-1500x1000.jpg]
[minimums.com/wp-content/uploads/2016/08/070116_MINIMUMS_0066-min-1500x1000.jpg]
[minimums.com/wp-content/uploads/2016/08/070116_MINIMUMS_0061-min-1500x1000.jpg]
[minimums.com/wp-content/uploads/2016/08/070116_MINIMUMS_0111-1-1500x1000.jpg]
[minimums.com/wp-content/uploads/2016/08/070116_MINIMUMS_0113-1-1500x1000.jpg]
[minimums.com/wp-content/uploads/2016/08/070116_MINIMUMS_0285-1-1500x1000.jpg]
[minimums.com/sarah-kunst/index.html]
[minimums.com/wp-json/oembed/1.0/embed79d1.json]
[minimums.com/brock-mcgoff/index.html]
[minimums.com/wp-json/oembed/1.0/embed76ee]
[minimums.com/wp-content/uploads/2016/12/DSC00827-copy3.jpg]
[minimums.com/wp-content/uploads/2016/11/DSC00635-1.jpg]
[minimums.com/wp-content/uploads/2016/12/DSC00640-copy.jpg]
[minimums.com/wp-content/uploads/2016/11/DSC00801-1.jpg]
[minimums.com/wp-content/uploads/2016/11/DSC00680-1.jpg]
[minimums.com/wp-content/uploads/2016/11/DSC00688-1.jpg]
[minimums.com/wp-content/uploads/2016/11/DSC00764-1.jpg]
[minimums.com/wp-content/uploads/2016/11/DSC00617-1.jpg]
[minimums.com/wp-content/uploads/2016/11/DSC00635-1-1500x1001.jpg]
[minimums.com/wp-content/uploads/2016/11/DSC00656-1-1500x1001.jpg]
[minimums.com/wp-content/uploads/2016/12/DSC00640-copy-1500x1001.jpg]
[minimums.com/wp-content/uploads/2016/11/DSC00786-1-1500x1001.jpg]
[i0.wp.com/minimums.com/wp-content/uploads/2016/11/DSC00822-1cc32.jpg]
[i2.wp.com/minimums.com/wp-content/uploads/2016/11/DSC00706-1dcc9.jpg]
[minimums.com/wp-content/uploads/2016/11/DSC00719-1-1500x1001.jpg]
[i0.wp.com/minimums.com/wp-content/uploads/2016/11/DSC00680-1cc32.jpg]
[i0.wp.com/minimums.com/wp-content/uploads/2016/11/DSC00727-1dcc9.jpg]
[minimums.com/wp-content/uploads/2016/11/DSC00688-1-1500x1001.jpg]
[i0.wp.com/minimums.com/wp-content/uploads/2016/12/DSC00698-copycc32.jpg]
[i1.wp.com/minimums.com/wp-content/uploads/2016/11/DSC00693-1dcc9.jpg]
[minimums.com/wp-content/uploads/2016/11/DSC00738-1-1500x1001.jpg]
[minimums.com/wp-content/uploads/2016/12/DSC00758-copy-1-1500x1001.jpg]
[minimums.com/wp-content/uploads/2016/11/DSC00617-1-1500x1001.jpg]
[minimums.com/mara-lecocq/index.html]
[minimums.com/alexandra-clark/kvnwlf.html]
[minimums.com/wp-json/oembed/1.0/embed022e.json]
[minimums.com/dylan-thuras/index.html]
[minimums.com/wp-json/oembed/1.0/embed7dfa]
[minimums.com/wp-content/uploads/2016/07/L1021945.jpg]
[minimums.com/wp-content/uploads/2016/08/sye.png]
[minimums.com/wp-content/uploads/2016/07/L1019720.jpg]
[minimums.com/wp-content/uploads/2016/08/L1019748.png]
[minimums.com/wp-content/uploads/2016/08/blanket.png]
[minimums.com/wp-content/uploads/2016/07/L1019835.jpg]
[minimums.com/wp-content/uploads/2016/08/clothes.png]
[minimums.com/wp-content/uploads/2016/08/beads.png]
[minimums.com/wp-content/uploads/2016/08/tea.png]
[minimums.com/wp-content/uploads/2016/07/L1021931.jpg]
[minimums.com/wp-content/uploads/2016/08/cat.png]
[minimums.com/wp-content/uploads/2016/07/L1019720-1500x1141.jpg]
[minimums.com/wp-content/uploads/2016/08/L1019748-1500x971.png]
[minimums.com/wp-content/uploads/2016/08/blanket-1500x971.png]
[minimums.com/wp-content/uploads/2016/07/L1019835-1500x998.jpg]
[minimums.com/wp-content/uploads/2016/08/clothes-1500x971.png]
[minimums.com/wp-content/uploads/2016/08/beads-1500x971.png]
[minimums.com/wp-content/uploads/2016/08/L1019809-1500x942.png]
[minimums.com/wp-content/uploads/2016/08/tea-1500x971.png]
[minimums.com/wp-content/uploads/2016/07/L1021931-1500x998.jpg]
[minimums.com/wp-content/uploads/2016/08/L1022012-1500x863.jpg]
[minimums.com/wp-content/uploads/2016/07/L1021878-1500x998.jpg]
[minimums.com/wp-content/uploads/2016/08/L1022015-1500x949.jpg]
[minimums.com/i-ronni-kappos/index.html]
[minimums.com/wp-json/oembed/1.0/embedf2dc.json]
[minimums.com/wp-json/oembed/1.0/embedd563]
[minimums.com/wp-content/uploads/2016/08/2016-07-28-Minimums-Baldwin-1448.jpg]
[minimums.com/baldwin-cunningham/2016-07-28-minimums-baldwin-1448/index.html]
[minimums.com/wp-json/oembed/1.0/embed0648.json]
[minimums.com/wp-json/oembed/1.0/embed8189]
[minimums.com/wp-content/uploads/2016/08/2016-07-28-Minimums-Baldwin-1441.jpg]
[minimums.com/baldwin-cunningham/2016-07-28-minimums-baldwin-1441/index.html]
[minimums.com/wp-json/oembed/1.0/embed927b.json]
[minimums.com/wp-json/oembed/1.0/embed7993]
[minimums.com/wp-content/uploads/2016/08/2016-07-28-Minimums-Baldwin-1431.jpg]
[minimums.com/baldwin-cunningham/2016-07-28-minimums-baldwin-1431/index.html]
[minimums.com/wp-json/oembed/1.0/embede9e5.json]
[minimums.com/mark-manson/index.html]
[minimums.com/wp-json/oembed/1.0/embede0db]
[minimums.com/wp-content/uploads/2016/11/Minimums_Mike_Molly_82.jpg]
[minimums.com/mike-molly/www.lizclayman.44f.delayed]
[minimums.com/wp-content/uploads/2016/11/Minimums_Mike_Molly_05.jpg]
[minimums.com/wp-content/uploads/2016/11/Minimums_Mike_Molly_84.jpg]
[minimums.com/wp-content/uploads/2016/11/Minimums_Mike_Molly_20.jpg]
[minimums.com/wp-content/uploads/2016/08/Minimums_Mike_Molly_58.jpg]
[minimums.com/wp-content/uploads/2016/11/Minimums_Mike_Molly_17.jpg]
[minimums.com/wp-content/uploads/2016/08/Minimums_Mike_Molly_14.jpg]
[minimums.com/wp-content/uploads/2016/08/Minimums_Mike_Molly_01-1500x1001.jpg]
[i0.wp.com/minimums.com/wp-content/uploads/2016/11/Minimums_Mike_Molly_10020a.jpg]
[i2.wp.com/minimums.com/wp-content/uploads/2016/11/Minimums_Mike_Molly_06ad7e.jpg]
[i0.wp.com/minimums.com/wp-content/uploads/2016/11/Minimums_Mike_Molly_08ad7e.jpg]
[i0.wp.com/minimums.com/wp-content/uploads/2016/11/Minimums_Mike_Molly_05020a.jpg]
[i2.wp.com/minimums.com/wp-content/uploads/2016/11/Minimums_Mike_Molly_03ad7e.jpg]
[i0.wp.com/minimums.com/wp-content/uploads/2016/11/Minimums_Mike_Molly_02ad7e.jpg]
[minimums.com/wp-content/uploads/2016/11/Minimums_Mike_Molly_83-1500x1001.jpg]
[i0.wp.com/minimums.com/wp-content/uploads/2016/11/Minimums_Mike_Molly_87020a.jpg]
[i2.wp.com/minimums.com/wp-content/uploads/2016/11/Minimums_Mike_Molly_86ad7e.jpg]
[i1.wp.com/minimums.com/wp-content/uploads/2016/11/Minimums_Mike_Molly_93ad7e.jpg]
[i1.wp.com/minimums.com/wp-content/uploads/2016/11/Minimums_Mike_Molly_91020a.jpg]
[i1.wp.com/minimums.com/wp-content/uploads/2016/11/Minimums_Mike_Molly_92ad7e.jpg]
[i2.wp.com/minimums.com/wp-content/uploads/2016/11/Minimums_Mike_Molly_89ad7e.jpg]
[minimums.com/wp-content/uploads/2016/11/Minimums_Mike_Molly_20-1500x1001.jpg]
[i2.wp.com/minimums.com/wp-content/uploads/2016/11/Minimums_Mike_Molly_21020a.jpg]
[i1.wp.com/minimums.com/wp-content/uploads/2016/11/Minimums_Mike_Molly_22ad7e.jpg]
[i0.wp.com/minimums.com/wp-content/uploads/2016/11/Minimums_Mike_Molly_23ad7e.jpg]
[i0.wp.com/minimums.com/wp-content/uploads/2016/11/Minimums_Mike_Molly_24416a.jpg]
[i0.wp.com/minimums.com/wp-content/uploads/2016/11/Minimums_Mike_Molly_2519e4.jpg]
[minimums.com/wp-content/uploads/2016/08/Minimums_Mike_Molly_58-1500x1001.jpg]
[i2.wp.com/minimums.com/wp-content/uploads/2016/11/Minimums_Mike_Molly_59020a.jpg]
[i0.wp.com/minimums.com/wp-content/uploads/2016/11/Minimums_Mike_Molly_60ad7e.jpg]
[i0.wp.com/minimums.com/wp-content/uploads/2016/11/Minimums_Mike_Molly_61ad7e.jpg]
[minimums.com/wp-content/uploads/2016/11/Minimums_Mike_Molly_12-copy.jpg]
[minimums.com/wp-content/uploads/2016/11/Minimums_Mike_Molly_17-1500x1001.jpg]
[i1.wp.com/minimums.com/wp-content/uploads/2016/11/Minimums_Mike_Molly_16020a.jpg]
[i1.wp.com/minimums.com/wp-content/uploads/2016/11/Minimums_Mike_Molly_14ad7e.jpg]
[i1.wp.com/minimums.com/wp-content/uploads/2016/11/Minimums_Mike_Molly_15ad7e.jpg]
[minimums.com/mike-molly/index.html]
[minimums.com/wp-json/oembed/1.0/embedd2f2.json]
[minimums.com/tiffany-cole/index.html]
[minimums.com/wp-json/oembed/1.0/embeda2bc]
[minimums.com/wp-content/uploads/2016/11/Plant-4.jpg]
[minimums.com/wp-content/uploads/2016/11/13532081_121076058321244_1350972754_a.jpg]
[minimums.com/wp-content/uploads/2016/11/Plant-3.jpg]
[minimums.com/wp-content/uploads/2016/11/Keyboard-3-1.jpg]
[minimums.com/wp-content/uploads/2016/11/Kindle-1.jpg]
[minimums.com/wp-content/uploads/2016/11/Kindle-4.jpg]
[minimums.com/wp-content/uploads/2016/11/Hue-2.jpg]
[minimums.com/wp-content/uploads/2016/11/Sofa-4.jpg]
[minimums.com/wp-content/uploads/2016/11/Prints-2.jpg]
[minimums.com/wp-content/uploads/2016/11/Plant-3-1500x1000.jpg]
[i2.wp.com/minimums.com/wp-content/uploads/2016/11/Plant-125d4.jpg]
[i2.wp.com/minimums.com/wp-content/uploads/2016/11/Room-1c08b.jpg]
[i0.wp.com/minimums.com/wp-content/uploads/2016/11/Plant-2ad7e.jpg]
[minimums.com/wp-content/uploads/2016/11/Keyboard-1-1500x1000.jpg]
[i2.wp.com/minimums.com/wp-content/uploads/2016/11/Keyboard-2cc32.jpg]
[i2.wp.com/minimums.com/wp-content/uploads/2016/11/Keyboard-3-1dcc9.jpg]
[minimums.com/wp-content/uploads/2016/11/Kindle-4-1500x1000.jpg]
[minimums.com/wp-content/uploads/2016/11/Hue-2-1500x1000.jpg]
[minimums.com/wp-content/uploads/2016/11/Hue-3-1500x1000.jpg]
[minimums.com/wp-content/uploads/2016/11/Sofa-4-1500x1000.jpg]
[i1.wp.com/minimums.com/wp-content/uploads/2016/11/Sofa-2cc32.jpg]
[i2.wp.com/minimums.com/wp-content/uploads/2016/11/Sofa-3dcc9.jpg]
[minimums.com/wp-content/uploads/2016/11/Prints-2-1500x1000.jpg]
[i1.wp.com/minimums.com/wp-content/uploads/2016/11/Prints-3cc32.jpg]
[i2.wp.com/minimums.com/wp-content/uploads/2016/11/Prints-1dcc9.jpg]
[minimums.com/brock-mcgoff/index.html]
[minimums.com/mara-lecocq/index7f1c.html]
[minimums.com/mara-lecocq/index92ca.html]
[minimums.com/wp-json/oembed/1.0/embed9219.json]
[minimums.com/jennifer-chong/index.html]
[minimums.com/wp-json/oembed/1.0/embed395f]
[minimums.com/wp-content/uploads/2016/08/dylan2.jpg]
[minimums.com/wp-content/uploads/2016/08/DylanThuras_Minimums_LizClayman_02.jpg]
[minimums.com/wp-content/uploads/2016/08/DylanThuras_Minimums_LizClayman_05.jpg]
[minimums.com/wp-content/uploads/2016/08/DylanThuras_Minimums_LizClayman_20.jpg]
[minimums.com/wp-content/uploads/2016/08/DylanThuras_Minimums_LizClayman_21-1.jpg]
[minimums.com/wp-content/uploads/2016/08/DylanThuras_Minimums_LizClayman_27.jpg]
[minimums.com/wp-content/uploads/2016/08/DylanThuras_Minimums_LizClayman_32.jpg]
[minimums.com/wp-content/uploads/2016/08/DylanThuras_Minimums_LizClayman_36.jpg]
[minimums.com/wp-content/uploads/2016/08/DylanThuras_Minimums_LizClayman_42.jpg]
[minimums.com/wp-content/uploads/2016/08/DylanThuras_Minimums_LizClayman_04-1500x1001.jpg]
[minimums.com/dylan-thuras/index.html]
[minimums.com/mark-manson/index.html]
[minimums.com/mike-molly/www.lizclayman.html]
[minimums.com/tiffany-cole/index.html]
[minimums.com/mara-lecocq/index92ca.html]
[minimums.com/jennifer-chong/index.html]
